******************************************************************************
                  TI ARM Linker PC v20.2.6                     
******************************************************************************
>> Linked Thu Jul 27 16:07:43 2023

OUTPUT FILE NAME:   <LineTracer.out>
ENTRY POINT SYMBOL: "_c_int00_noargs"  address: 00003775


MEMORY CONFIGURATION

         name            origin    length      used     unused   attr    fill
----------------------  --------  ---------  --------  --------  ----  --------
  MAIN                  00000000   00040000  00003baf  0003c451  R  X
  INFO                  00200000   00004000  00000000  00004000  R  X
  SRAM_CODE             01000000   00010000  00000a00  0000f600  RW X
  SRAM_DATA             20000000   00010000  00000a00  0000f600  RW  


SEGMENT ALLOCATION MAP

run origin  load origin   length   init length attrs members
----------  ----------- ---------- ----------- ----- -------
00000000    00000000    00003bb0   00003bb0    r-x
  00000000    00000000    000000e4   000000e4    r-- .intvecs
  000000e4    000000e4    00003918   00003918    r-x .text
  000039fc    000039fc    00000103   00000103    r-- .const
  00003b00    00003b00    000000b0   000000b0    r-- .cinit
20000000    20000000    00000800   00000000    rw-
  20000000    20000000    00000400   00000000    rw- .sysmem
  20000400    20000400    0000022c   00000000    rw- .data
  2000062c    2000062c    000001d4   00000000    rw- .bss
2000fe00    2000fe00    00000200   00000000    rw-
  2000fe00    2000fe00    00000200   00000000    rw- .stack


SECTION ALLOCATION MAP

 output                                  attributes/
section   page    origin      length       input sections
--------  ----  ----------  ----------   ----------------
.intvecs   0    00000000    000000e4     
                  00000000    000000e4     startup_msp432p401r_ccs.obj (.intvecs:retain)

.text      0    000000e4    00003918     
                  000000e4    00000a4e     rtsv7M4_T_le_v4SPD16_eabi.lib : _printfi.c.obj (.text:__TI_printfi)
                  00000b32    00000002                                   : _lock.c.obj (.text:_nop)
                  00000b34    00000334     system_msp432p401r.obj (.text)
                  00000e68    00000270     rtsv7M4_T_le_v4SPD16_eabi.lib : _printfi.c.obj (.text:_pconv_a)
                  000010d8    00000268     main.obj (.text)
                  00001340    00000248     motor.obj (.text)
                  00001588    00000234     sensor.obj (.text)
                  000017bc    000001e0     Clock.obj (.text)
                  0000199c    000001d0     rtsv7M4_T_le_v4SPD16_eabi.lib : _printfi.c.obj (.text:_pconv_g)
                  00001b6c    000001b6                                   : fd_add_t2.asm.obj (.text)
                  00001d22    00000002                                   : div0.asm.obj (.text)
                  00001d24    0000018c     tachometer.obj (.text)
                  00001eb0    0000013c     rtsv7M4_T_le_v4SPD16_eabi.lib : _printfi.c.obj (.text:_pconv_e)
                  00001fec    00000136                                   : fd_div_t2.asm.obj (.text)
                  00002122    00000002     --HOLE-- [fill = 0]
                  00002124    00000124                                   : _printfi.c.obj (.text:fcvt)
                  00002248    00000114                                   : fputs.c.obj (.text:fputs)
                  0000235c    00000110                                   : s_scalbn.c.obj (.text:scalbn)
                  0000246c    00000100                                   : memory.c.obj (.text:aligned_alloc)
                  0000256c    000000fc                                   : fd_mul_t2.asm.obj (.text)
                  00002668    000000e4                                   : memory.c.obj (.text:free)
                  0000274c    000000dc                                   : setvbuf.c.obj (.text:setvbuf)
                  00002828    000000b1                                   : _printfi.c.obj (.text:_ltostr)
                  000028d9    00000001     --HOLE-- [fill = 0]
                  000028da    000000a2     bit_op.obj (.text)
                  0000297c    0000009c     rtsv7M4_T_le_v4SPD16_eabi.lib : memcpy_t2.asm.obj (.text)
                  00002a18    00000096                                   : ull_div_t2.asm.obj (.text)
                  00002aae    00000002     --HOLE-- [fill = 0]
                  00002ab0    0000008c                                   : fputc.c.obj (.text:fputc)
                  00002b3c    00000086                                   : fd_cmp_t2.asm.obj (.text:__aeabi_cdcmple)
                  00002bc2    00000086                                   : fd_cmp_t2.asm.obj (.text:__aeabi_cdrcmple)
                  00002c48    0000007c                                   : fflush.c.obj (.text:fflush)
                  00002cc4    0000007a                                   : memset_t2.asm.obj (.text)
                  00002d3e    00000002     --HOLE-- [fill = 0]
                  00002d40    00000074                                   : fclose.c.obj (.text:__TI_closefile)
                  00002db4    00000070                                   : memory.c.obj (.text:split)
                  00002e24    0000006e                                   : _printfi.c.obj (.text:_mcpy)
                  00002e92    00000002     --HOLE-- [fill = 0]
                  00002e94    0000006c                                   : hostrename.c.obj (.text:HOSTrename)
                  00002f00    00000068                                   : hostlseek.c.obj (.text:HOSTlseek)
                  00002f68    00000068                                   : copy_decompress_lzss.c.obj (.text:decompress:lzss:__TI_decompress_lzss)
                  00002fd0    00000068                                   : printf.c.obj (.text:printf)
                  00003038    00000064                                   : s_frexp.c.obj (.text:frexp)
                  0000309c    00000064                                   : fseek.c.obj (.text:fseek)
                  00003100    00000062                                   : _io_perm.c.obj (.text:__TI_wrt_ok)
                  00003162    00000002     --HOLE-- [fill = 0]
                  00003164    00000060                                   : hostopen.c.obj (.text:HOSTopen)
                  000031c4    0000005c                                   : close.c.obj (.text:close)
                  00003220    00000058                                   : hostread.c.obj (.text:HOSTread)
                  00003278    00000058                                   : hostwrite.c.obj (.text:HOSTwrite)
                  000032d0    00000058     led.obj (.text)
                  00003328    00000056     rtsv7M4_T_le_v4SPD16_eabi.lib : _printfi.c.obj (.text:_pconv_f)
                  0000337e    00000054                                   : _ltoa.c.obj (.text:__TI_ltoa)
                  000033d2    00000052                                   : _printfi.c.obj (.text:_ecpy)
                  00003424    0000004c                                   : fflush.c.obj (.text:__TI_doflush)
                  00003470    0000004c                                   : atoi.c.obj (.text:atoi)
                  000034bc    00000048                                   : exit.c.obj (.text:exit)
                  00003504    00000048                                   : fd_toi_t2.asm.obj (.text)
                  0000354c    00000044                                   : hostclose.c.obj (.text:HOSTclose)
                  00003590    00000044                                   : hostunlink.c.obj (.text:HOSTunlink)
                  000035d4    00000044                                   : autoinit.c.obj (.text:__TI_auto_init_nobinit_nopinit:__TI_auto_init_nobinit_nopinit)
                  00003618    00000044                                   : getdevice.c.obj (.text:getdevice)
                  0000365c    0000003e                                   : _printfi.c.obj (.text:_fcpy)
                  0000369a    00000002     --HOLE-- [fill = 0]
                  0000369c    00000038                                   : trgmsg.c.obj (.text:__TI_writemsg)
                  000036d4    00000036                                   : strncpy.c.obj (.text:strncpy)
                  0000370a    00000002     --HOLE-- [fill = 0]
                  0000370c    00000034                                   : fopen.c.obj (.text:__TI_cleanup)
                  00003740    00000034                                   : trgmsg.c.obj (.text:__TI_readmsg)
                  00003774    00000034                                   : boot_cortex_m.c.obj (.text:_c_int00_noargs:_c_int00_noargs)
                  000037a8    00000030                                   : getdevice.c.obj (.text:finddevice)
                  000037d8    0000002e                                   : i_tofd_t2.asm.obj (.text)
                  00003806    00000002     --HOLE-- [fill = 0]
                  00003808    0000002c                                   : unlink.c.obj (.text:unlink)
                  00003834    00000028                                   : memory.c.obj (.text:free_list_insert)
                  0000385c    00000028                                   : lseek.c.obj (.text:lseek)
                  00003884    00000028                                   : write.c.obj (.text:write)
                  000038ac    00000020                                   : memchr.c.obj (.text:memchr)
                  000038cc    0000001c                                   : assert.c.obj (.text:_abort_msg)
                  000038e8    0000001c                                   : copy_zero_init.c.obj (.text:decompress:ZI:__TI_zero_init_nomemset:__TI_zero_init_nomemset)
                  00003904    0000001c                                   : memory.c.obj (.text:free_list_remove)
                  00003920    0000001c                                   : memccpy.c.obj (.text:memccpy)
                  0000393c    0000001a                                   : s_copysign.c.obj (.text:copysign)
                  00003956    00000018                                   : strcmp.c.obj (.text:strcmp)
                  0000396e    00000016                                   : strchr.c.obj (.text:strchr)
                  00003984    00000014                                   : strcpy.c.obj (.text:strcpy)
                  00003998    00000014                                   : strlen.c.obj (.text:strlen)
                  000039ac    00000012                                   : wcslen.c.obj (.text:wcslen)
                  000039be    0000000e                                   : copy_decompress_none.c.obj (.text:decompress:none:__TI_decompress_none)
                  000039cc    0000000e     startup_msp432p401r_ccs.obj (.text)
                  000039da    00000002     --HOLE-- [fill = 0]
                  000039dc    00000008     rtsv7M4_T_le_v4SPD16_eabi.lib : errno.c.obj (.text:__aeabi_errno_addr)
                  000039e4    00000008                                   : memory.c.obj (.text:malloc)
                  000039ec    00000004                                   : printf.c.obj (.text:_outc)
                  000039f0    00000004                                   : printf.c.obj (.text:_outs)
                  000039f4    00000004                                   : pre_init.c.obj (.text:_system_pre_init)
                  000039f8    00000004                                   : exit.c.obj (.text:abort:abort)

.const     0    000039fc    00000103     
                  000039fc    00000101     rtsv7M4_T_le_v4SPD16_eabi.lib : ctype.c.obj (.const:.string:_ctypes_)
                  00003afd    00000002     main.obj (.const:$P$T0$1)

.cinit     0    00003b00    000000b0     
                  00003b00    0000008a     (.cinit..data.load) [load image, compression = lzss]
                  00003b8a    00000002     --HOLE-- [fill = 0]
                  00003b8c    0000000c     (__TI_handler_table)
                  00003b98    00000008     (.cinit..bss.load) [load image, compression = zero_init]
                  00003ba0    00000010     (__TI_cinit_table)

.init_array 
*          0    00000000    00000000     UNINITIALIZED

.binit     0    00000000    00000000     

.sysmem    0    20000000    00000400     UNINITIALIZED
                  20000000    00000010     rtsv7M4_T_le_v4SPD16_eabi.lib : memory.c.obj (.sysmem)
                  20000010    000003f0     --HOLE--

.data      0    20000400    0000022c     UNINITIALIZED
                  20000400    000000f0     rtsv7M4_T_le_v4SPD16_eabi.lib : defs.c.obj (.data:_ftable)
                  200004f0    00000078                                   : host_device.c.obj (.data:_device)
                  20000568    00000050                                   : host_device.c.obj (.data:_stream)
                  200005b8    0000001c     led.obj (.data)
                  200005d4    00000018     Clock.obj (.data)
                  200005ec    00000010     rtsv7M4_T_le_v4SPD16_eabi.lib : defs.c.obj (.data)
                  200005fc    0000000c                                   : exit.c.obj (.data:$O1$$)
                  20000608    00000008                                   : _lock.c.obj (.data:$O1$$)
                  20000610    00000008                                   : memory.c.obj (.data:$O1$$)
                  20000618    00000008     motor.obj (.data)
                  20000620    00000004     main.obj (.data)
                  20000624    00000004     rtsv7M4_T_le_v4SPD16_eabi.lib : errno.c.obj (.data)
                  20000628    00000004     system_msp432p401r.obj (.data)

.bss       0    2000062c    000001d4     UNINITIALIZED
                  2000062c    00000120     rtsv7M4_T_le_v4SPD16_eabi.lib : trgmsg.c.obj (.bss:_CIOBUF_)
                  2000074c    000000a0     (.common:__TI_tmpnams)
                  200007ec    00000008     (.common:parmbuf)
                  200007f4    00000002     (.common:first_left)
                  200007f6    00000002     (.common:first_right)
                  200007f8    00000002     (.common:left_count)
                  200007fa    00000002     (.common:period_left)
                  200007fc    00000002     (.common:period_right)
                  200007fe    00000002     (.common:right_count)

.stack     0    2000fe00    00000200     UNINITIALIZED
                  2000fe00    00000004     rtsv7M4_T_le_v4SPD16_eabi.lib : boot_cortex_m.c.obj (.stack)
                  2000fe04    000001fc     --HOLE--

__llvm_prf_cnts 
*          0    20000000    00000000     UNINITIALIZED

MODULE SUMMARY

       Module                        code    ro data   rw data
       ------                        ----    -------   -------
    .\
       system_msp432p401r.obj        820     0         8      
       main.obj                      616     2         32     
       motor.obj                     584     0         16     
       sensor.obj                    564     0         0      
       Clock.obj                     480     0         48     
       tachometer.obj                396     0         0      
       startup_msp432p401r_ccs.obj   14      228       0      
       bit_op.obj                    162     0         0      
       led.obj                       88      0         56     
    +--+-----------------------------+-------+---------+---------+
       Total:                        3724    230       160    
                                                              
    C:\ti\ccs1200\ccs\tools\compiler\ti-cgt-arm_20.2.6.LTS\lib\rtsv7M4_T_le_v4SPD16_eabi.lib
       _printfi.c.obj                4851    0         0      
       defs.c.obj                    0       0         832    
       memory.c.obj                  672     0         16     
       trgmsg.c.obj                  108     0         576    
       fd_add_t2.asm.obj             438     0         0      
       host_device.c.obj             0       0         400    
       fd_div_t2.asm.obj             310     0         0      
       fputs.c.obj                   276     0         0      
       s_scalbn.c.obj                272     0         0      
       fd_cmp_t2.asm.obj             268     0         0      
       ctype.c.obj                   0       257       0      
       fd_mul_t2.asm.obj             252     0         0      
       setvbuf.c.obj                 220     0         0      
       fflush.c.obj                  200     0         0      
       memcpy_t2.asm.obj             156     0         0      
       ull_div_t2.asm.obj            150     0         0      
       fputc.c.obj                   140     0         0      
       memset_t2.asm.obj             122     0         0      
       fclose.c.obj                  116     0         0      
       getdevice.c.obj               116     0         0      
       hostopen.c.obj                96      0         16     
       printf.c.obj                  112     0         0      
       hostrename.c.obj              108     0         0      
       copy_decompress_lzss.c.obj    104     0         0      
       hostlseek.c.obj               104     0         0      
       exit.c.obj                    76      0         24     
       fseek.c.obj                   100     0         0      
       s_frexp.c.obj                 100     0         0      
       _io_perm.c.obj                98      0         0      
       close.c.obj                   92      0         0      
       hostread.c.obj                88      0         0      
       hostwrite.c.obj               88      0         0      
       _ltoa.c.obj                   84      0         0      
       atoi.c.obj                    76      0         0      
       fd_toi_t2.asm.obj             72      0         0      
       autoinit.c.obj                68      0         0      
       hostclose.c.obj               68      0         0      
       hostunlink.c.obj              68      0         0      
       strncpy.c.obj                 54      0         0      
       boot_cortex_m.c.obj           52      0         0      
       fopen.c.obj                   52      0         0      
       i_tofd_t2.asm.obj             46      0         0      
       unlink.c.obj                  44      0         0      
       lseek.c.obj                   40      0         0      
       write.c.obj                   40      0         0      
       memchr.c.obj                  32      0         0      
       assert.c.obj                  28      0         0      
       copy_zero_init.c.obj          28      0         0      
       memccpy.c.obj                 28      0         0      
       s_copysign.c.obj              26      0         0      
       strcmp.c.obj                  24      0         0      
       strchr.c.obj                  22      0         0      
       strcpy.c.obj                  20      0         0      
       strlen.c.obj                  20      0         0      
       _lock.c.obj                   2       0         16     
       wcslen.c.obj                  18      0         0      
       errno.c.obj                   8       0         8      
       copy_decompress_none.c.obj    14      0         0      
       pre_init.c.obj                4       0         0      
       div0.asm.obj                  2       0         0      
    +--+-----------------------------+-------+---------+---------+
       Total:                        10873   257       1888   
                                                              
       Heap:                         0       0         2048   
       Stack:                        0       0         1024   
       Linker Generated:             0       174       0      
    +--+-----------------------------+-------+---------+---------+
       Grand Total:                  14597   661       5120   


LINKER GENERATED COPY TABLES

__TI_cinit_table @ 00003ba0 records: 2, size/record: 8, table size: 16
	.data: load addr=00003b00, load size=0000008a bytes, run addr=20000400, run size=0000022c bytes, compression=lzss
	.bss: load addr=00003b98, load size=00000008 bytes, run addr=2000062c, run size=000001d4 bytes, compression=zero_init


LINKER GENERATED HANDLER TABLE

__TI_handler_table @ 00003b8c records: 3, size/record: 4, table size: 12
	index: 0, handler: __TI_decompress_lzss
	index: 1, handler: __TI_decompress_none
	index: 2, handler: __TI_zero_init


GLOBAL SYMBOLS: SORTED ALPHABETICALLY BY Name 

address   name                           
-------   ----                           
000039d9  ADC14_IRQHandler               
000039d9  AES256_IRQHandler              
200005bc  BLUE                           
000039d9  BusFault_Handler               
000039f9  C$$EXIT                        
000036cb  C$$IO$$                        
000039d9  COMP_E0_IRQHandler             
000039d9  COMP_E1_IRQHandler             
200005dc  CPMwait                        
000039d9  CS_IRQHandler                  
200005cc  CYAN                           
200005d4  ClockFrequency                 
00001911  Clock_Delay1ms                 
000018e7  Clock_Delay1us                 
000018d3  Clock_GetFreq                  
000017bd  Clock_Init48MHz                
200005e8  Crystalstable                  
000039d9  DMA_ERR_IRQHandler             
000039d9  DMA_INT0_IRQHandler            
000039d9  DMA_INT1_IRQHandler            
000039d9  DMA_INT2_IRQHandler            
000039d9  DMA_INT3_IRQHandler            
000039d9  DebugMon_Handler               
000039d9  Default_Handler                
000039d9  EUSCIA0_IRQHandler             
000039d9  EUSCIA1_IRQHandler             
000039d9  EUSCIA2_IRQHandler             
000039d9  EUSCIA3_IRQHandler             
000039d9  EUSCIB0_IRQHandler             
000039d9  EUSCIB1_IRQHandler             
000039d9  EUSCIB2_IRQHandler             
000039d9  EUSCIB3_IRQHandler             
20000618  FAST                           
000039d9  FLCTL_IRQHandler               
000039d9  FPU_IRQHandler                 
200005c0  GREEN                          
0000354d  HOSTclose                      
00002f01  HOSTlseek                      
00003165  HOSTopen                       
00003221  HOSTread                       
00002e95  HOSTrename                     
00003591  HOSTunlink                     
00003279  HOSTwrite                      
000039d9  HardFault_Handler              
200005e4  IFlags                         
200005d0  MAGENTA                        
000039d9  MemManage_Handler              
000039d9  NMI_Handler                    
2000061a  NORMAL                         
000039d9  PCM_IRQHandler                 
000039d9  PORT1_IRQHandler               
000039d9  PORT2_IRQHandler               
000039d9  PORT3_IRQHandler               
000039d9  PORT4_IRQHandler               
000039d9  PORT5_IRQHandler               
000039d9  PORT6_IRQHandler               
000039d9  PSS_IRQHandler                 
000039d9  PendSV_Handler                 
200005e0  Postwait                       
200005d8  Prewait                        
200005b8  RED                            
000039d9  RTC_C_IRQHandler               
000039cd  Reset_Handler                  
2000061c  SLOW                           
2000061e  STOP                           
000039d9  SVC_Handler                    
000039d9  SysTick_Handler                
20000628  SystemCoreClock                
00000b35  SystemCoreClockUpdate          
00000dad  SystemInit                     
000039d9  T32_INT1_IRQHandler            
000039d9  T32_INT2_IRQHandler            
000039d9  T32_INTC_IRQHandler            
000039d9  TA0_0_IRQHandler               
000039d9  TA0_N_IRQHandler               
000039d9  TA1_0_IRQHandler               
000039d9  TA1_N_IRQHandler               
000039d9  TA2_0_IRQHandler               
000039d9  TA2_N_IRQHandler               
00001db9  TA3_0_IRQHandler               
00001db9  TA3_0_IRQHandler               
00001def  TA3_N_IRQHandler               
00001def  TA3_N_IRQHandler               
000039d9  UsageFault_Handler             
4000480c  WDTCTL_SYM                     
000039d9  WDT_A_IRQHandler               
200005c4  WHITE                          
200005c8  YELLOW                         
2000062c  __CIOBUF_                      
20010000  __STACK_END                    
00000200  __STACK_SIZE                   
00000400  __SYSMEM_SIZE                  
00003ba0  __TI_CINIT_Base                
00003bb0  __TI_CINIT_Limit               
00003b8c  __TI_Handler_Table_Base        
00003b98  __TI_Handler_Table_Limit       
000035d5  __TI_auto_init_nobinit_nopinit 
0000370d  __TI_cleanup                   
200005fc  __TI_cleanup_ptr               
00002d41  __TI_closefile                 
00002f69  __TI_decompress_lzss           
000039bf  __TI_decompress_none           
00003425  __TI_doflush                   
20000600  __TI_dtors_ptr                 
20000604  __TI_enable_exit_profile_output
200005ec  __TI_ft_end                    
0000337f  __TI_ltoa                      
ffffffff  __TI_pprof_out_hndl            
000000e5  __TI_printfi                   
ffffffff  __TI_prof_data_size            
ffffffff  __TI_prof_data_start           
00003741  __TI_readmsg                   
00000000  __TI_static_base__             
2000074c  __TI_tmpnams                   
0000369d  __TI_writemsg                  
00003101  __TI_wrt_ok                    
000038e9  __TI_zero_init_nomemset        
00002b3d  __aeabi_cdcmpeq                
00002b3d  __aeabi_cdcmple                
00002bc3  __aeabi_cdrcmple               
00003505  __aeabi_d2iz                   
00001b77  __aeabi_dadd                   
00001fed  __aeabi_ddiv                   
0000256d  __aeabi_dmul                   
00001b6d  __aeabi_dsub                   
000039dd  __aeabi_errno_addr             
000037d9  __aeabi_i2d                    
00001d23  __aeabi_idiv0                  
00001d23  __aeabi_ldiv0                  
00002cc5  __aeabi_memclr                 
00002cc5  __aeabi_memclr4                
00002cc5  __aeabi_memclr8                
0000297d  __aeabi_memcpy                 
0000297d  __aeabi_memcpy4                
0000297d  __aeabi_memcpy8                
00002cc7  __aeabi_memset                 
00002cc7  __aeabi_memset4                
00002cc7  __aeabi_memset8                
200005f8  __aeabi_stderr                 
200005f0  __aeabi_stdin                  
200005f4  __aeabi_stdout                 
00002a19  __aeabi_uldivmod               
ffffffff  __binit__                      
ffffffff  __c_args__                     
UNDEFED   __mpu_init                     
2000fe00  __stack                        
20000000  __start___llvm_prf_cnts        
20000000  __stop___llvm_prf_cnts         
000038cd  _abort_msg                     
00003775  _c_int00_noargs                
000039fc  _ctypes_                       
200004f0  _device                        
20000400  _ftable                        
20000608  _lock                          
00000b33  _nop                           
20000568  _stream                        
20000000  _sys_memory                    
UNDEFED   _system_post_cinit             
000039f5  _system_pre_init               
2000060c  _unlock                        
000039f9  abort                          
0000246d  aligned_alloc                  
00003471  atoi                           
ffffffff  binit                          
0000162d  charge_capacitor               
000031c5  close                          
0000393d  copysign                       
0000393d  copysignl                      
0000291b  count_left_set_bits            
0000294b  count_right_set_bits           
000028db  count_set_bits                 
000018d9  delay                          
00001693  detect_state                   
20000624  errno                          
000034bd  exit                           
00002c49  fflush                         
000037a9  finddevice                     
200007f4  first_left                     
200007f6  first_right                    
00002ab1  fputc                          
00002249  fputs                          
00002669  free                           
00003039  frexp                          
00003039  frexpl                         
0000309d  fseek                          
00001e25  get_left_rpm                   
00002905  get_nth_bit                    
00001e31  get_right_rpm                  
00003619  getdevice                      
000010d9  init                           
00000000  interruptVectors               
00001589  ir_sensor_init                 
20000620  lap                            
0000235d  ldexp                          
0000235d  ldexpl                         
000032ef  led_init                       
00001465  left_backward                  
200007f8  left_count                     
00001459  left_forward                   
0000385d  lseek                          
00001165  main                           
000039e5  malloc                         
0000246d  memalign                       
00003921  memccpy                        
000038ad  memchr                         
0000297d  memcpy                         
00002ccd  memset                         
000013a7  motor_init                     
0000142f  move                           
000014b3  move_backward                  
00001489  move_forward                   
200007ec  parmbuf                        
200007fa  period_left                    
200007fc  period_right                   
00002fd1  printf                         
00002ab1  putc                           
00001341  pwm_init34                     
00003809  remove                         
0000147d  right_backward                 
200007fe  right_count                    
00001471  right_forward                  
0000235d  scalbn                         
0000235d  scalbnl                        
00001643  sense_ir                       
00001665  sense_nth_ir                   
0000274d  setvbuf                        
000010f7  show_state_with_led            
000014dd  stop                           
0000396f  strchr                         
00003957  strcmp                         
00003985  strcpy                         
00003999  strlen                         
000036d5  strncpy                        
00001d25  timer_A3_capture_init          
000014e9  turn_left                      
0000160f  turn_off_ir_led                
000032e7  turn_off_led                   
000015f9  turn_on_ir_led                 
000032d1  turn_on_led                    
00001513  turn_right                     
00003809  unlink                         
000039ad  wcslen                         
00003885  write                          


GLOBAL SYMBOLS: SORTED BY Symbol Address 

address   name                           
-------   ----                           
00000000  __TI_static_base__             
00000000  interruptVectors               
000000e5  __TI_printfi                   
00000200  __STACK_SIZE                   
00000400  __SYSMEM_SIZE                  
00000b33  _nop                           
00000b35  SystemCoreClockUpdate          
00000dad  SystemInit                     
000010d9  init                           
000010f7  show_state_with_led            
00001165  main                           
00001341  pwm_init34                     
000013a7  motor_init                     
0000142f  move                           
00001459  left_forward                   
00001465  left_backward                  
00001471  right_forward                  
0000147d  right_backward                 
00001489  move_forward                   
000014b3  move_backward                  
000014dd  stop                           
000014e9  turn_left                      
00001513  turn_right                     
00001589  ir_sensor_init                 
000015f9  turn_on_ir_led                 
0000160f  turn_off_ir_led                
0000162d  charge_capacitor               
00001643  sense_ir                       
00001665  sense_nth_ir                   
00001693  detect_state                   
000017bd  Clock_Init48MHz                
000018d3  Clock_GetFreq                  
000018d9  delay                          
000018e7  Clock_Delay1us                 
00001911  Clock_Delay1ms                 
00001b6d  __aeabi_dsub                   
00001b77  __aeabi_dadd                   
00001d23  __aeabi_idiv0                  
00001d23  __aeabi_ldiv0                  
00001d25  timer_A3_capture_init          
00001db9  TA3_0_IRQHandler               
00001db9  TA3_0_IRQHandler               
00001def  TA3_N_IRQHandler               
00001def  TA3_N_IRQHandler               
00001e25  get_left_rpm                   
00001e31  get_right_rpm                  
00001fed  __aeabi_ddiv                   
00002249  fputs                          
0000235d  ldexp                          
0000235d  ldexpl                         
0000235d  scalbn                         
0000235d  scalbnl                        
0000246d  aligned_alloc                  
0000246d  memalign                       
0000256d  __aeabi_dmul                   
00002669  free                           
0000274d  setvbuf                        
000028db  count_set_bits                 
00002905  get_nth_bit                    
0000291b  count_left_set_bits            
0000294b  count_right_set_bits           
0000297d  __aeabi_memcpy                 
0000297d  __aeabi_memcpy4                
0000297d  __aeabi_memcpy8                
0000297d  memcpy                         
00002a19  __aeabi_uldivmod               
00002ab1  fputc                          
00002ab1  putc                           
00002b3d  __aeabi_cdcmpeq                
00002b3d  __aeabi_cdcmple                
00002bc3  __aeabi_cdrcmple               
00002c49  fflush                         
00002cc5  __aeabi_memclr                 
00002cc5  __aeabi_memclr4                
00002cc5  __aeabi_memclr8                
00002cc7  __aeabi_memset                 
00002cc7  __aeabi_memset4                
00002cc7  __aeabi_memset8                
00002ccd  memset                         
00002d41  __TI_closefile                 
00002e95  HOSTrename                     
00002f01  HOSTlseek                      
00002f69  __TI_decompress_lzss           
00002fd1  printf                         
00003039  frexp                          
00003039  frexpl                         
0000309d  fseek                          
00003101  __TI_wrt_ok                    
00003165  HOSTopen                       
000031c5  close                          
00003221  HOSTread                       
00003279  HOSTwrite                      
000032d1  turn_on_led                    
000032e7  turn_off_led                   
000032ef  led_init                       
0000337f  __TI_ltoa                      
00003425  __TI_doflush                   
00003471  atoi                           
000034bd  exit                           
00003505  __aeabi_d2iz                   
0000354d  HOSTclose                      
00003591  HOSTunlink                     
000035d5  __TI_auto_init_nobinit_nopinit 
00003619  getdevice                      
0000369d  __TI_writemsg                  
000036cb  C$$IO$$                        
000036d5  strncpy                        
0000370d  __TI_cleanup                   
00003741  __TI_readmsg                   
00003775  _c_int00_noargs                
000037a9  finddevice                     
000037d9  __aeabi_i2d                    
00003809  remove                         
00003809  unlink                         
0000385d  lseek                          
00003885  write                          
000038ad  memchr                         
000038cd  _abort_msg                     
000038e9  __TI_zero_init_nomemset        
00003921  memccpy                        
0000393d  copysign                       
0000393d  copysignl                      
00003957  strcmp                         
0000396f  strchr                         
00003985  strcpy                         
00003999  strlen                         
000039ad  wcslen                         
000039bf  __TI_decompress_none           
000039cd  Reset_Handler                  
000039d9  ADC14_IRQHandler               
000039d9  AES256_IRQHandler              
000039d9  BusFault_Handler               
000039d9  COMP_E0_IRQHandler             
000039d9  COMP_E1_IRQHandler             
000039d9  CS_IRQHandler                  
000039d9  DMA_ERR_IRQHandler             
000039d9  DMA_INT0_IRQHandler            
000039d9  DMA_INT1_IRQHandler            
000039d9  DMA_INT2_IRQHandler            
000039d9  DMA_INT3_IRQHandler            
000039d9  DebugMon_Handler               
000039d9  Default_Handler                
000039d9  EUSCIA0_IRQHandler             
000039d9  EUSCIA1_IRQHandler             
000039d9  EUSCIA2_IRQHandler             
000039d9  EUSCIA3_IRQHandler             
000039d9  EUSCIB0_IRQHandler             
000039d9  EUSCIB1_IRQHandler             
000039d9  EUSCIB2_IRQHandler             
000039d9  EUSCIB3_IRQHandler             
000039d9  FLCTL_IRQHandler               
000039d9  FPU_IRQHandler                 
000039d9  HardFault_Handler              
000039d9  MemManage_Handler              
000039d9  NMI_Handler                    
000039d9  PCM_IRQHandler                 
000039d9  PORT1_IRQHandler               
000039d9  PORT2_IRQHandler               
000039d9  PORT3_IRQHandler               
000039d9  PORT4_IRQHandler               
000039d9  PORT5_IRQHandler               
000039d9  PORT6_IRQHandler               
000039d9  PSS_IRQHandler                 
000039d9  PendSV_Handler                 
000039d9  RTC_C_IRQHandler               
000039d9  SVC_Handler                    
000039d9  SysTick_Handler                
000039d9  T32_INT1_IRQHandler            
000039d9  T32_INT2_IRQHandler            
000039d9  T32_INTC_IRQHandler            
000039d9  TA0_0_IRQHandler               
000039d9  TA0_N_IRQHandler               
000039d9  TA1_0_IRQHandler               
000039d9  TA1_N_IRQHandler               
000039d9  TA2_0_IRQHandler               
000039d9  TA2_N_IRQHandler               
000039d9  UsageFault_Handler             
000039d9  WDT_A_IRQHandler               
000039dd  __aeabi_errno_addr             
000039e5  malloc                         
000039f5  _system_pre_init               
000039f9  C$$EXIT                        
000039f9  abort                          
000039fc  _ctypes_                       
00003b8c  __TI_Handler_Table_Base        
00003b98  __TI_Handler_Table_Limit       
00003ba0  __TI_CINIT_Base                
00003bb0  __TI_CINIT_Limit               
20000000  __start___llvm_prf_cnts        
20000000  __stop___llvm_prf_cnts         
20000000  _sys_memory                    
20000400  _ftable                        
200004f0  _device                        
20000568  _stream                        
200005b8  RED                            
200005bc  BLUE                           
200005c0  GREEN                          
200005c4  WHITE                          
200005c8  YELLOW                         
200005cc  CYAN                           
200005d0  MAGENTA                        
200005d4  ClockFrequency                 
200005d8  Prewait                        
200005dc  CPMwait                        
200005e0  Postwait                       
200005e4  IFlags                         
200005e8  Crystalstable                  
200005ec  __TI_ft_end                    
200005f0  __aeabi_stdin                  
200005f4  __aeabi_stdout                 
200005f8  __aeabi_stderr                 
200005fc  __TI_cleanup_ptr               
20000600  __TI_dtors_ptr                 
20000604  __TI_enable_exit_profile_output
20000608  _lock                          
2000060c  _unlock                        
20000618  FAST                           
2000061a  NORMAL                         
2000061c  SLOW                           
2000061e  STOP                           
20000620  lap                            
20000624  errno                          
20000628  SystemCoreClock                
2000062c  __CIOBUF_                      
2000074c  __TI_tmpnams                   
200007ec  parmbuf                        
200007f4  first_left                     
200007f6  first_right                    
200007f8  left_count                     
200007fa  period_left                    
200007fc  period_right                   
200007fe  right_count                    
2000fe00  __stack                        
20010000  __STACK_END                    
4000480c  WDTCTL_SYM                     
ffffffff  __TI_pprof_out_hndl            
ffffffff  __TI_prof_data_size            
ffffffff  __TI_prof_data_start           
ffffffff  __binit__                      
ffffffff  __c_args__                     
ffffffff  binit                          
UNDEFED   __mpu_init                     
UNDEFED   _system_post_cinit             

[243 symbols]
