<?xml version="1.0" encoding="ISO-8859-1" ?>
<link_info>
   <banner>TI ARM Linker PC v20.2.6.LTS</banner>
   <copyright>Copyright (c) 1996-2018 Texas Instruments Incorporated</copyright>
   <link_time>0x64be8bed</link_time>
   <link_errors>0x0</link_errors>
   <output_file>LineTracer.out</output_file>
   <entry_point>
      <name>_c_int00_noargs</name>
      <address>0x3059</address>
   </entry_point>
   <input_file_list>
      <input_file id="fl-2">
         <path>.\</path>
         <kind>object</kind>
         <file>Clock.obj</file>
         <name>Clock.obj</name>
      </input_file>
      <input_file id="fl-3">
         <path>.\</path>
         <kind>object</kind>
         <file>bit_op.obj</file>
         <name>bit_op.obj</name>
      </input_file>
      <input_file id="fl-4">
         <path>.\</path>
         <kind>object</kind>
         <file>led.obj</file>
         <name>led.obj</name>
      </input_file>
      <input_file id="fl-5">
         <path>.\</path>
         <kind>object</kind>
         <file>main.obj</file>
         <name>main.obj</name>
      </input_file>
      <input_file id="fl-6">
         <path>.\</path>
         <kind>object</kind>
         <file>motor.obj</file>
         <name>motor.obj</name>
      </input_file>
      <input_file id="fl-7">
         <path>.\</path>
         <kind>object</kind>
         <file>sensor.obj</file>
         <name>sensor.obj</name>
      </input_file>
      <input_file id="fl-8">
         <path>.\</path>
         <kind>object</kind>
         <file>startup_msp432p401r_ccs.obj</file>
         <name>startup_msp432p401r_ccs.obj</name>
      </input_file>
      <input_file id="fl-9">
         <path>.\</path>
         <kind>object</kind>
         <file>system_msp432p401r.obj</file>
         <name>system_msp432p401r.obj</name>
      </input_file>
      <input_file id="fl-d">
         <kind>object</kind>
         <file>&lt;internal&gt;</file>
         <name>&lt;internal&gt;</name>
      </input_file>
      <input_file id="fl-c3">
         <path>C:\ti\ccs1200\ccs\tools\compiler\ti-cgt-arm_20.2.6.LTS\lib\</path>
         <kind>archive</kind>
         <file>rtsv7M4_T_le_v4SPD16_eabi.lib</file>
         <name>printf.c.obj</name>
      </input_file>
      <input_file id="fl-c4">
         <path>C:\ti\ccs1200\ccs\tools\compiler\ti-cgt-arm_20.2.6.LTS\lib\</path>
         <kind>archive</kind>
         <file>rtsv7M4_T_le_v4SPD16_eabi.lib</file>
         <name>_printfi.c.obj</name>
      </input_file>
      <input_file id="fl-c5">
         <path>C:\ti\ccs1200\ccs\tools\compiler\ti-cgt-arm_20.2.6.LTS\lib\</path>
         <kind>archive</kind>
         <file>rtsv7M4_T_le_v4SPD16_eabi.lib</file>
         <name>fputc.c.obj</name>
      </input_file>
      <input_file id="fl-c6">
         <path>C:\ti\ccs1200\ccs\tools\compiler\ti-cgt-arm_20.2.6.LTS\lib\</path>
         <kind>archive</kind>
         <file>rtsv7M4_T_le_v4SPD16_eabi.lib</file>
         <name>fputs.c.obj</name>
      </input_file>
      <input_file id="fl-c7">
         <path>C:\ti\ccs1200\ccs\tools\compiler\ti-cgt-arm_20.2.6.LTS\lib\</path>
         <kind>archive</kind>
         <file>rtsv7M4_T_le_v4SPD16_eabi.lib</file>
         <name>_io_perm.c.obj</name>
      </input_file>
      <input_file id="fl-c8">
         <path>C:\ti\ccs1200\ccs\tools\compiler\ti-cgt-arm_20.2.6.LTS\lib\</path>
         <kind>archive</kind>
         <file>rtsv7M4_T_le_v4SPD16_eabi.lib</file>
         <name>setvbuf.c.obj</name>
      </input_file>
      <input_file id="fl-c9">
         <path>C:\ti\ccs1200\ccs\tools\compiler\ti-cgt-arm_20.2.6.LTS\lib\</path>
         <kind>archive</kind>
         <file>rtsv7M4_T_le_v4SPD16_eabi.lib</file>
         <name>fd_add_t2.asm.obj</name>
      </input_file>
      <input_file id="fl-ca">
         <path>C:\ti\ccs1200\ccs\tools\compiler\ti-cgt-arm_20.2.6.LTS\lib\</path>
         <kind>archive</kind>
         <file>rtsv7M4_T_le_v4SPD16_eabi.lib</file>
         <name>fd_cmp_t2.asm.obj</name>
      </input_file>
      <input_file id="fl-cb">
         <path>C:\ti\ccs1200\ccs\tools\compiler\ti-cgt-arm_20.2.6.LTS\lib\</path>
         <kind>archive</kind>
         <file>rtsv7M4_T_le_v4SPD16_eabi.lib</file>
         <name>fd_div_t2.asm.obj</name>
      </input_file>
      <input_file id="fl-cc">
         <path>C:\ti\ccs1200\ccs\tools\compiler\ti-cgt-arm_20.2.6.LTS\lib\</path>
         <kind>archive</kind>
         <file>rtsv7M4_T_le_v4SPD16_eabi.lib</file>
         <name>fd_mul_t2.asm.obj</name>
      </input_file>
      <input_file id="fl-cd">
         <path>C:\ti\ccs1200\ccs\tools\compiler\ti-cgt-arm_20.2.6.LTS\lib\</path>
         <kind>archive</kind>
         <file>rtsv7M4_T_le_v4SPD16_eabi.lib</file>
         <name>fd_toi_t2.asm.obj</name>
      </input_file>
      <input_file id="fl-ce">
         <path>C:\ti\ccs1200\ccs\tools\compiler\ti-cgt-arm_20.2.6.LTS\lib\</path>
         <kind>archive</kind>
         <file>rtsv7M4_T_le_v4SPD16_eabi.lib</file>
         <name>i_tofd_t2.asm.obj</name>
      </input_file>
      <input_file id="fl-cf">
         <path>C:\ti\ccs1200\ccs\tools\compiler\ti-cgt-arm_20.2.6.LTS\lib\</path>
         <kind>archive</kind>
         <file>rtsv7M4_T_le_v4SPD16_eabi.lib</file>
         <name>memcpy_t2.asm.obj</name>
      </input_file>
      <input_file id="fl-d0">
         <path>C:\ti\ccs1200\ccs\tools\compiler\ti-cgt-arm_20.2.6.LTS\lib\</path>
         <kind>archive</kind>
         <file>rtsv7M4_T_le_v4SPD16_eabi.lib</file>
         <name>memset_t2.asm.obj</name>
      </input_file>
      <input_file id="fl-d1">
         <path>C:\ti\ccs1200\ccs\tools\compiler\ti-cgt-arm_20.2.6.LTS\lib\</path>
         <kind>archive</kind>
         <file>rtsv7M4_T_le_v4SPD16_eabi.lib</file>
         <name>ull_div_t2.asm.obj</name>
      </input_file>
      <input_file id="fl-d2">
         <path>C:\ti\ccs1200\ccs\tools\compiler\ti-cgt-arm_20.2.6.LTS\lib\</path>
         <kind>archive</kind>
         <file>rtsv7M4_T_le_v4SPD16_eabi.lib</file>
         <name>copy_zero_init.c.obj</name>
      </input_file>
      <input_file id="fl-d3">
         <path>C:\ti\ccs1200\ccs\tools\compiler\ti-cgt-arm_20.2.6.LTS\lib\</path>
         <kind>archive</kind>
         <file>rtsv7M4_T_le_v4SPD16_eabi.lib</file>
         <name>copy_decompress_none.c.obj</name>
      </input_file>
      <input_file id="fl-d4">
         <path>C:\ti\ccs1200\ccs\tools\compiler\ti-cgt-arm_20.2.6.LTS\lib\</path>
         <kind>archive</kind>
         <file>rtsv7M4_T_le_v4SPD16_eabi.lib</file>
         <name>copy_decompress_lzss.c.obj</name>
      </input_file>
      <input_file id="fl-d5">
         <path>C:\ti\ccs1200\ccs\tools\compiler\ti-cgt-arm_20.2.6.LTS\lib\</path>
         <kind>archive</kind>
         <file>rtsv7M4_T_le_v4SPD16_eabi.lib</file>
         <name>exit.c.obj</name>
      </input_file>
      <input_file id="fl-d6">
         <path>C:\ti\ccs1200\ccs\tools\compiler\ti-cgt-arm_20.2.6.LTS\lib\</path>
         <kind>archive</kind>
         <file>rtsv7M4_T_le_v4SPD16_eabi.lib</file>
         <name>_lock.c.obj</name>
      </input_file>
      <input_file id="fl-d7">
         <path>C:\ti\ccs1200\ccs\tools\compiler\ti-cgt-arm_20.2.6.LTS\lib\</path>
         <kind>archive</kind>
         <file>rtsv7M4_T_le_v4SPD16_eabi.lib</file>
         <name>_ltoa.c.obj</name>
      </input_file>
      <input_file id="fl-d8">
         <path>C:\ti\ccs1200\ccs\tools\compiler\ti-cgt-arm_20.2.6.LTS\lib\</path>
         <kind>archive</kind>
         <file>rtsv7M4_T_le_v4SPD16_eabi.lib</file>
         <name>assert.c.obj</name>
      </input_file>
      <input_file id="fl-d9">
         <path>C:\ti\ccs1200\ccs\tools\compiler\ti-cgt-arm_20.2.6.LTS\lib\</path>
         <kind>archive</kind>
         <file>rtsv7M4_T_le_v4SPD16_eabi.lib</file>
         <name>atoi.c.obj</name>
      </input_file>
      <input_file id="fl-da">
         <path>C:\ti\ccs1200\ccs\tools\compiler\ti-cgt-arm_20.2.6.LTS\lib\</path>
         <kind>archive</kind>
         <file>rtsv7M4_T_le_v4SPD16_eabi.lib</file>
         <name>ctype.c.obj</name>
      </input_file>
      <input_file id="fl-db">
         <path>C:\ti\ccs1200\ccs\tools\compiler\ti-cgt-arm_20.2.6.LTS\lib\</path>
         <kind>archive</kind>
         <file>rtsv7M4_T_le_v4SPD16_eabi.lib</file>
         <name>defs.c.obj</name>
      </input_file>
      <input_file id="fl-dc">
         <path>C:\ti\ccs1200\ccs\tools\compiler\ti-cgt-arm_20.2.6.LTS\lib\</path>
         <kind>archive</kind>
         <file>rtsv7M4_T_le_v4SPD16_eabi.lib</file>
         <name>memccpy.c.obj</name>
      </input_file>
      <input_file id="fl-dd">
         <path>C:\ti\ccs1200\ccs\tools\compiler\ti-cgt-arm_20.2.6.LTS\lib\</path>
         <kind>archive</kind>
         <file>rtsv7M4_T_le_v4SPD16_eabi.lib</file>
         <name>memchr.c.obj</name>
      </input_file>
      <input_file id="fl-de">
         <path>C:\ti\ccs1200\ccs\tools\compiler\ti-cgt-arm_20.2.6.LTS\lib\</path>
         <kind>archive</kind>
         <file>rtsv7M4_T_le_v4SPD16_eabi.lib</file>
         <name>memory.c.obj</name>
      </input_file>
      <input_file id="fl-df">
         <path>C:\ti\ccs1200\ccs\tools\compiler\ti-cgt-arm_20.2.6.LTS\lib\</path>
         <kind>archive</kind>
         <file>rtsv7M4_T_le_v4SPD16_eabi.lib</file>
         <name>strchr.c.obj</name>
      </input_file>
      <input_file id="fl-e0">
         <path>C:\ti\ccs1200\ccs\tools\compiler\ti-cgt-arm_20.2.6.LTS\lib\</path>
         <kind>archive</kind>
         <file>rtsv7M4_T_le_v4SPD16_eabi.lib</file>
         <name>strlen.c.obj</name>
      </input_file>
      <input_file id="fl-e1">
         <path>C:\ti\ccs1200\ccs\tools\compiler\ti-cgt-arm_20.2.6.LTS\lib\</path>
         <kind>archive</kind>
         <file>rtsv7M4_T_le_v4SPD16_eabi.lib</file>
         <name>write.c.obj</name>
      </input_file>
      <input_file id="fl-e2">
         <path>C:\ti\ccs1200\ccs\tools\compiler\ti-cgt-arm_20.2.6.LTS\lib\</path>
         <kind>archive</kind>
         <file>rtsv7M4_T_le_v4SPD16_eabi.lib</file>
         <name>host_device.c.obj</name>
      </input_file>
      <input_file id="fl-e3">
         <path>C:\ti\ccs1200\ccs\tools\compiler\ti-cgt-arm_20.2.6.LTS\lib\</path>
         <kind>archive</kind>
         <file>rtsv7M4_T_le_v4SPD16_eabi.lib</file>
         <name>errno.c.obj</name>
      </input_file>
      <input_file id="fl-e4">
         <path>C:\ti\ccs1200\ccs\tools\compiler\ti-cgt-arm_20.2.6.LTS\lib\</path>
         <kind>archive</kind>
         <file>rtsv7M4_T_le_v4SPD16_eabi.lib</file>
         <name>boot_cortex_m.c.obj</name>
      </input_file>
      <input_file id="fl-e5">
         <path>C:\ti\ccs1200\ccs\tools\compiler\ti-cgt-arm_20.2.6.LTS\lib\</path>
         <kind>archive</kind>
         <file>rtsv7M4_T_le_v4SPD16_eabi.lib</file>
         <name>s_frexp.c.obj</name>
      </input_file>
      <input_file id="fl-e6">
         <path>C:\ti\ccs1200\ccs\tools\compiler\ti-cgt-arm_20.2.6.LTS\lib\</path>
         <kind>archive</kind>
         <file>rtsv7M4_T_le_v4SPD16_eabi.lib</file>
         <name>s_scalbn.c.obj</name>
      </input_file>
      <input_file id="fl-e7">
         <path>C:\ti\ccs1200\ccs\tools\compiler\ti-cgt-arm_20.2.6.LTS\lib\</path>
         <kind>archive</kind>
         <file>rtsv7M4_T_le_v4SPD16_eabi.lib</file>
         <name>s_copysign.c.obj</name>
      </input_file>
      <input_file id="fl-e8">
         <path>C:\ti\ccs1200\ccs\tools\compiler\ti-cgt-arm_20.2.6.LTS\lib\</path>
         <kind>archive</kind>
         <file>rtsv7M4_T_le_v4SPD16_eabi.lib</file>
         <name>wcslen.c.obj</name>
      </input_file>
      <input_file id="fl-e9">
         <path>C:\ti\ccs1200\ccs\tools\compiler\ti-cgt-arm_20.2.6.LTS\lib\</path>
         <kind>archive</kind>
         <file>rtsv7M4_T_le_v4SPD16_eabi.lib</file>
         <name>fflush.c.obj</name>
      </input_file>
      <input_file id="fl-ea">
         <path>C:\ti\ccs1200\ccs\tools\compiler\ti-cgt-arm_20.2.6.LTS\lib\</path>
         <kind>archive</kind>
         <file>rtsv7M4_T_le_v4SPD16_eabi.lib</file>
         <name>fopen.c.obj</name>
      </input_file>
      <input_file id="fl-eb">
         <path>C:\ti\ccs1200\ccs\tools\compiler\ti-cgt-arm_20.2.6.LTS\lib\</path>
         <kind>archive</kind>
         <file>rtsv7M4_T_le_v4SPD16_eabi.lib</file>
         <name>fseek.c.obj</name>
      </input_file>
      <input_file id="fl-ec">
         <path>C:\ti\ccs1200\ccs\tools\compiler\ti-cgt-arm_20.2.6.LTS\lib\</path>
         <kind>archive</kind>
         <file>rtsv7M4_T_le_v4SPD16_eabi.lib</file>
         <name>div0.asm.obj</name>
      </input_file>
      <input_file id="fl-ed">
         <path>C:\ti\ccs1200\ccs\tools\compiler\ti-cgt-arm_20.2.6.LTS\lib\</path>
         <kind>archive</kind>
         <file>rtsv7M4_T_le_v4SPD16_eabi.lib</file>
         <name>autoinit.c.obj</name>
      </input_file>
      <input_file id="fl-ee">
         <path>C:\ti\ccs1200\ccs\tools\compiler\ti-cgt-arm_20.2.6.LTS\lib\</path>
         <kind>archive</kind>
         <file>rtsv7M4_T_le_v4SPD16_eabi.lib</file>
         <name>pre_init.c.obj</name>
      </input_file>
      <input_file id="fl-ef">
         <path>C:\ti\ccs1200\ccs\tools\compiler\ti-cgt-arm_20.2.6.LTS\lib\</path>
         <kind>archive</kind>
         <file>rtsv7M4_T_le_v4SPD16_eabi.lib</file>
         <name>cpy_tbl.c.obj</name>
      </input_file>
      <input_file id="fl-f0">
         <path>C:\ti\ccs1200\ccs\tools\compiler\ti-cgt-arm_20.2.6.LTS\lib\</path>
         <kind>archive</kind>
         <file>rtsv7M4_T_le_v4SPD16_eabi.lib</file>
         <name>args_main.c.obj</name>
      </input_file>
      <input_file id="fl-f1">
         <path>C:\ti\ccs1200\ccs\tools\compiler\ti-cgt-arm_20.2.6.LTS\lib\</path>
         <kind>archive</kind>
         <file>rtsv7M4_T_le_v4SPD16_eabi.lib</file>
         <name>hostclose.c.obj</name>
      </input_file>
      <input_file id="fl-f2">
         <path>C:\ti\ccs1200\ccs\tools\compiler\ti-cgt-arm_20.2.6.LTS\lib\</path>
         <kind>archive</kind>
         <file>rtsv7M4_T_le_v4SPD16_eabi.lib</file>
         <name>hostlseek.c.obj</name>
      </input_file>
      <input_file id="fl-f3">
         <path>C:\ti\ccs1200\ccs\tools\compiler\ti-cgt-arm_20.2.6.LTS\lib\</path>
         <kind>archive</kind>
         <file>rtsv7M4_T_le_v4SPD16_eabi.lib</file>
         <name>hostopen.c.obj</name>
      </input_file>
      <input_file id="fl-f4">
         <path>C:\ti\ccs1200\ccs\tools\compiler\ti-cgt-arm_20.2.6.LTS\lib\</path>
         <kind>archive</kind>
         <file>rtsv7M4_T_le_v4SPD16_eabi.lib</file>
         <name>hostread.c.obj</name>
      </input_file>
      <input_file id="fl-f5">
         <path>C:\ti\ccs1200\ccs\tools\compiler\ti-cgt-arm_20.2.6.LTS\lib\</path>
         <kind>archive</kind>
         <file>rtsv7M4_T_le_v4SPD16_eabi.lib</file>
         <name>hostrename.c.obj</name>
      </input_file>
      <input_file id="fl-f6">
         <path>C:\ti\ccs1200\ccs\tools\compiler\ti-cgt-arm_20.2.6.LTS\lib\</path>
         <kind>archive</kind>
         <file>rtsv7M4_T_le_v4SPD16_eabi.lib</file>
         <name>hostunlink.c.obj</name>
      </input_file>
      <input_file id="fl-f7">
         <path>C:\ti\ccs1200\ccs\tools\compiler\ti-cgt-arm_20.2.6.LTS\lib\</path>
         <kind>archive</kind>
         <file>rtsv7M4_T_le_v4SPD16_eabi.lib</file>
         <name>hostwrite.c.obj</name>
      </input_file>
      <input_file id="fl-f8">
         <path>C:\ti\ccs1200\ccs\tools\compiler\ti-cgt-arm_20.2.6.LTS\lib\</path>
         <kind>archive</kind>
         <file>rtsv7M4_T_le_v4SPD16_eabi.lib</file>
         <name>trgmsg.c.obj</name>
      </input_file>
      <input_file id="fl-f9">
         <path>C:\ti\ccs1200\ccs\tools\compiler\ti-cgt-arm_20.2.6.LTS\lib\</path>
         <kind>archive</kind>
         <file>rtsv7M4_T_le_v4SPD16_eabi.lib</file>
         <name>open.c.obj</name>
      </input_file>
      <input_file id="fl-fa">
         <path>C:\ti\ccs1200\ccs\tools\compiler\ti-cgt-arm_20.2.6.LTS\lib\</path>
         <kind>archive</kind>
         <file>rtsv7M4_T_le_v4SPD16_eabi.lib</file>
         <name>lseek.c.obj</name>
      </input_file>
      <input_file id="fl-fb">
         <path>C:\ti\ccs1200\ccs\tools\compiler\ti-cgt-arm_20.2.6.LTS\lib\</path>
         <kind>archive</kind>
         <file>rtsv7M4_T_le_v4SPD16_eabi.lib</file>
         <name>fclose.c.obj</name>
      </input_file>
      <input_file id="fl-fc">
         <path>C:\ti\ccs1200\ccs\tools\compiler\ti-cgt-arm_20.2.6.LTS\lib\</path>
         <kind>archive</kind>
         <file>rtsv7M4_T_le_v4SPD16_eabi.lib</file>
         <name>getdevice.c.obj</name>
      </input_file>
      <input_file id="fl-fd">
         <path>C:\ti\ccs1200\ccs\tools\compiler\ti-cgt-arm_20.2.6.LTS\lib\</path>
         <kind>archive</kind>
         <file>rtsv7M4_T_le_v4SPD16_eabi.lib</file>
         <name>strcmp.c.obj</name>
      </input_file>
      <input_file id="fl-fe">
         <path>C:\ti\ccs1200\ccs\tools\compiler\ti-cgt-arm_20.2.6.LTS\lib\</path>
         <kind>archive</kind>
         <file>rtsv7M4_T_le_v4SPD16_eabi.lib</file>
         <name>strcpy.c.obj</name>
      </input_file>
      <input_file id="fl-ff">
         <path>C:\ti\ccs1200\ccs\tools\compiler\ti-cgt-arm_20.2.6.LTS\lib\</path>
         <kind>archive</kind>
         <file>rtsv7M4_T_le_v4SPD16_eabi.lib</file>
         <name>strncpy.c.obj</name>
      </input_file>
      <input_file id="fl-100">
         <path>C:\ti\ccs1200\ccs\tools\compiler\ti-cgt-arm_20.2.6.LTS\lib\</path>
         <kind>archive</kind>
         <file>rtsv7M4_T_le_v4SPD16_eabi.lib</file>
         <name>remove.c.obj</name>
      </input_file>
      <input_file id="fl-101">
         <path>C:\ti\ccs1200\ccs\tools\compiler\ti-cgt-arm_20.2.6.LTS\lib\</path>
         <kind>archive</kind>
         <file>rtsv7M4_T_le_v4SPD16_eabi.lib</file>
         <name>close.c.obj</name>
      </input_file>
      <input_file id="fl-102">
         <path>C:\ti\ccs1200\ccs\tools\compiler\ti-cgt-arm_20.2.6.LTS\lib\</path>
         <kind>archive</kind>
         <file>rtsv7M4_T_le_v4SPD16_eabi.lib</file>
         <name>unlink.c.obj</name>
      </input_file>
   </input_file_list>
   <object_component_list>
      <object_component id="oc-26">
         <name>.intvecs:retain</name>
         <load_address>0x0</load_address>
         <run_address>0x0</run_address>
         <size>0xe4</size>
         <input_file_ref idref="fl-8"/>
      </object_component>
      <object_component id="oc-153">
         <name>.text:__TI_printfi</name>
         <load_address>0xe4</load_address>
         <run_address>0xe4</run_address>
         <size>0xa4e</size>
         <input_file_ref idref="fl-c4"/>
      </object_component>
      <object_component id="oc-1fb">
         <name>.text:_nop</name>
         <load_address>0xb32</load_address>
         <run_address>0xb32</run_address>
         <size>0x2</size>
         <input_file_ref idref="fl-d6"/>
      </object_component>
      <object_component id="oc-ac">
         <name>.text</name>
         <load_address>0xb34</load_address>
         <run_address>0xb34</run_address>
         <size>0x334</size>
         <input_file_ref idref="fl-9"/>
      </object_component>
      <object_component id="oc-1d7">
         <name>.text:_pconv_a</name>
         <load_address>0xe68</load_address>
         <run_address>0xe68</run_address>
         <size>0x270</size>
         <input_file_ref idref="fl-c4"/>
      </object_component>
      <object_component id="oc-d6">
         <name>.text</name>
         <load_address>0x10d8</load_address>
         <run_address>0x10d8</run_address>
         <size>0x1e0</size>
         <input_file_ref idref="fl-2"/>
      </object_component>
      <object_component id="oc-1c5">
         <name>.text:_pconv_g</name>
         <load_address>0x12b8</load_address>
         <run_address>0x12b8</run_address>
         <size>0x1d0</size>
         <input_file_ref idref="fl-c4"/>
      </object_component>
      <object_component id="oc-e2">
         <name>.text</name>
         <load_address>0x1488</load_address>
         <run_address>0x1488</run_address>
         <size>0x1bc</size>
         <input_file_ref idref="fl-7"/>
      </object_component>
      <object_component id="oc-27d">
         <name>.text</name>
         <load_address>0x1644</load_address>
         <run_address>0x1644</run_address>
         <size>0x1b6</size>
         <input_file_ref idref="fl-c9"/>
      </object_component>
      <object_component id="oc-305">
         <name>.text</name>
         <load_address>0x17fa</load_address>
         <run_address>0x17fa</run_address>
         <size>0x2</size>
         <input_file_ref idref="fl-ec"/>
      </object_component>
      <object_component id="oc-1d1">
         <name>.text:_pconv_e</name>
         <load_address>0x17fc</load_address>
         <run_address>0x17fc</run_address>
         <size>0x13c</size>
         <input_file_ref idref="fl-c4"/>
      </object_component>
      <object_component id="oc-263">
         <name>.text</name>
         <load_address>0x1938</load_address>
         <run_address>0x1938</run_address>
         <size>0x136</size>
         <input_file_ref idref="fl-cb"/>
      </object_component>
      <object_component id="oc-28f">
         <name>.text:fcvt</name>
         <load_address>0x1a70</load_address>
         <run_address>0x1a70</run_address>
         <size>0x124</size>
         <input_file_ref idref="fl-c4"/>
      </object_component>
      <object_component id="oc-19f">
         <name>.text:fputs</name>
         <load_address>0x1b94</load_address>
         <run_address>0x1b94</run_address>
         <size>0x114</size>
         <input_file_ref idref="fl-c6"/>
      </object_component>
      <object_component id="oc-2a3">
         <name>.text:scalbn</name>
         <load_address>0x1ca8</load_address>
         <run_address>0x1ca8</run_address>
         <size>0x110</size>
         <input_file_ref idref="fl-e6"/>
      </object_component>
      <object_component id="oc-395">
         <name>.text:aligned_alloc</name>
         <load_address>0x1db8</load_address>
         <run_address>0x1db8</run_address>
         <size>0x100</size>
         <input_file_ref idref="fl-de"/>
      </object_component>
      <object_component id="oc-25e">
         <name>.text</name>
         <load_address>0x1eb8</load_address>
         <run_address>0x1eb8</run_address>
         <size>0xfc</size>
         <input_file_ref idref="fl-cc"/>
      </object_component>
      <object_component id="oc-344">
         <name>.text:free</name>
         <load_address>0x1fb4</load_address>
         <run_address>0x1fb4</run_address>
         <size>0xe4</size>
         <input_file_ref idref="fl-de"/>
      </object_component>
      <object_component id="oc-2e8">
         <name>.text:setvbuf</name>
         <load_address>0x2098</load_address>
         <run_address>0x2098</run_address>
         <size>0xdc</size>
         <input_file_ref idref="fl-c8"/>
      </object_component>
      <object_component id="oc-1ba">
         <name>.text:_ltostr</name>
         <load_address>0x2174</load_address>
         <run_address>0x2174</run_address>
         <size>0xb1</size>
         <input_file_ref idref="fl-c4"/>
      </object_component>
      <object_component id="oc-3a">
         <name>.text</name>
         <load_address>0x2226</load_address>
         <run_address>0x2226</run_address>
         <size>0x9c</size>
         <input_file_ref idref="fl-cf"/>
      </object_component>
      <object_component id="oc-257">
         <name>.text</name>
         <load_address>0x22c2</load_address>
         <run_address>0x22c2</run_address>
         <size>0x96</size>
         <input_file_ref idref="fl-d1"/>
      </object_component>
      <object_component id="oc-20a">
         <name>.text:fputc</name>
         <load_address>0x2358</load_address>
         <run_address>0x2358</run_address>
         <size>0x8c</size>
         <input_file_ref idref="fl-c5"/>
      </object_component>
      <object_component id="oc-1c0">
         <name>.text:__aeabi_cdcmple</name>
         <load_address>0x23e4</load_address>
         <run_address>0x23e4</run_address>
         <size>0x86</size>
         <input_file_ref idref="fl-ca"/>
      </object_component>
      <object_component id="oc-268">
         <name>.text:__aeabi_cdrcmple</name>
         <load_address>0x246a</load_address>
         <run_address>0x246a</run_address>
         <size>0x86</size>
         <input_file_ref idref="fl-ca"/>
      </object_component>
      <object_component id="oc-1a5">
         <name>.text:fflush</name>
         <load_address>0x24f0</load_address>
         <run_address>0x24f0</run_address>
         <size>0x7c</size>
         <input_file_ref idref="fl-e9"/>
      </object_component>
      <object_component id="oc-8e">
         <name>.text</name>
         <load_address>0x256c</load_address>
         <run_address>0x256c</run_address>
         <size>0x7a</size>
         <input_file_ref idref="fl-d0"/>
      </object_component>
      <object_component id="oc-39c">
         <name>.text:__TI_closefile</name>
         <load_address>0x25e8</load_address>
         <run_address>0x25e8</run_address>
         <size>0x74</size>
         <input_file_ref idref="fl-fb"/>
      </object_component>
      <object_component id="oc-3da">
         <name>.text:split</name>
         <load_address>0x265c</load_address>
         <run_address>0x265c</run_address>
         <size>0x70</size>
         <input_file_ref idref="fl-de"/>
      </object_component>
      <object_component id="oc-288">
         <name>.text:_mcpy</name>
         <load_address>0x26cc</load_address>
         <run_address>0x26cc</run_address>
         <size>0x6e</size>
         <input_file_ref idref="fl-c4"/>
      </object_component>
      <object_component id="oc-3c9">
         <name>.text:HOSTrename</name>
         <load_address>0x273c</load_address>
         <run_address>0x273c</run_address>
         <size>0x6c</size>
         <input_file_ref idref="fl-f5"/>
      </object_component>
      <object_component id="oc-3bd">
         <name>.text:HOSTlseek</name>
         <load_address>0x27a8</load_address>
         <run_address>0x27a8</run_address>
         <size>0x68</size>
         <input_file_ref idref="fl-f2"/>
      </object_component>
      <object_component id="oc-17">
         <name>.text:decompress:lzss:__TI_decompress_lzss</name>
         <load_address>0x2810</load_address>
         <run_address>0x2810</run_address>
         <size>0x68</size>
         <input_file_ref idref="fl-d4"/>
      </object_component>
      <object_component id="oc-e8">
         <name>.text:printf</name>
         <load_address>0x2878</load_address>
         <run_address>0x2878</run_address>
         <size>0x68</size>
         <input_file_ref idref="fl-c3"/>
      </object_component>
      <object_component id="oc-29d">
         <name>.text:frexp</name>
         <load_address>0x28e0</load_address>
         <run_address>0x28e0</run_address>
         <size>0x64</size>
         <input_file_ref idref="fl-e5"/>
      </object_component>
      <object_component id="oc-2e2">
         <name>.text:fseek</name>
         <load_address>0x2944</load_address>
         <run_address>0x2944</run_address>
         <size>0x64</size>
         <input_file_ref idref="fl-eb"/>
      </object_component>
      <object_component id="oc-22f">
         <name>.text:__TI_wrt_ok</name>
         <load_address>0x29a8</load_address>
         <run_address>0x29a8</run_address>
         <size>0x62</size>
         <input_file_ref idref="fl-c7"/>
      </object_component>
      <object_component id="oc-3a5">
         <name>.text:HOSTopen</name>
         <load_address>0x2a0c</load_address>
         <run_address>0x2a0c</run_address>
         <size>0x60</size>
         <input_file_ref idref="fl-f3"/>
      </object_component>
      <object_component id="oc-3e1">
         <name>.text:close</name>
         <load_address>0x2a6c</load_address>
         <run_address>0x2a6c</run_address>
         <size>0x5c</size>
         <input_file_ref idref="fl-101"/>
      </object_component>
      <object_component id="oc-3b1">
         <name>.text:HOSTread</name>
         <load_address>0x2ac8</load_address>
         <run_address>0x2ac8</run_address>
         <size>0x58</size>
         <input_file_ref idref="fl-f4"/>
      </object_component>
      <object_component id="oc-3b7">
         <name>.text:HOSTwrite</name>
         <load_address>0x2b20</load_address>
         <run_address>0x2b20</run_address>
         <size>0x58</size>
         <input_file_ref idref="fl-f7"/>
      </object_component>
      <object_component id="oc-dc">
         <name>.text</name>
         <load_address>0x2b78</load_address>
         <run_address>0x2b78</run_address>
         <size>0x58</size>
         <input_file_ref idref="fl-4"/>
      </object_component>
      <object_component id="oc-1cb">
         <name>.text:_pconv_f</name>
         <load_address>0x2bd0</load_address>
         <run_address>0x2bd0</run_address>
         <size>0x56</size>
         <input_file_ref idref="fl-c4"/>
      </object_component>
      <object_component id="oc-272">
         <name>.text:__TI_ltoa</name>
         <load_address>0x2c26</load_address>
         <run_address>0x2c26</run_address>
         <size>0x54</size>
         <input_file_ref idref="fl-d7"/>
      </object_component>
      <object_component id="oc-282">
         <name>.text:_ecpy</name>
         <load_address>0x2c7a</load_address>
         <run_address>0x2c7a</run_address>
         <size>0x52</size>
         <input_file_ref idref="fl-c4"/>
      </object_component>
      <object_component id="oc-23b">
         <name>.text:__TI_doflush</name>
         <load_address>0x2ccc</load_address>
         <run_address>0x2ccc</run_address>
         <size>0x4c</size>
         <input_file_ref idref="fl-e9"/>
      </object_component>
      <object_component id="oc-1b4">
         <name>.text:atoi</name>
         <load_address>0x2d18</load_address>
         <run_address>0x2d18</run_address>
         <size>0x4c</size>
         <input_file_ref idref="fl-d9"/>
      </object_component>
      <object_component id="oc-fa">
         <name>.text:exit</name>
         <load_address>0x2d64</load_address>
         <run_address>0x2d64</run_address>
         <size>0x48</size>
         <input_file_ref idref="fl-d5"/>
      </object_component>
      <object_component id="oc-26d">
         <name>.text</name>
         <load_address>0x2dac</load_address>
         <run_address>0x2dac</run_address>
         <size>0x48</size>
         <input_file_ref idref="fl-cd"/>
      </object_component>
      <object_component id="oc-3ab">
         <name>.text:HOSTclose</name>
         <load_address>0x2df4</load_address>
         <run_address>0x2df4</run_address>
         <size>0x44</size>
         <input_file_ref idref="fl-f1"/>
      </object_component>
      <object_component id="oc-3c3">
         <name>.text:HOSTunlink</name>
         <load_address>0x2e38</load_address>
         <run_address>0x2e38</run_address>
         <size>0x44</size>
         <input_file_ref idref="fl-f6"/>
      </object_component>
      <object_component id="oc-100">
         <name>.text:__TI_auto_init_nobinit_nopinit:__TI_auto_init_nobinit_nopinit</name>
         <load_address>0x2e7c</load_address>
         <run_address>0x2e7c</run_address>
         <size>0x44</size>
         <input_file_ref idref="fl-ed"/>
      </object_component>
      <object_component id="oc-417">
         <name>.text:getdevice</name>
         <load_address>0x2ec0</load_address>
         <run_address>0x2ec0</run_address>
         <size>0x44</size>
         <input_file_ref idref="fl-fc"/>
      </object_component>
      <object_component id="oc-295">
         <name>.text:_fcpy</name>
         <load_address>0x2f04</load_address>
         <run_address>0x2f04</run_address>
         <size>0x3e</size>
         <input_file_ref idref="fl-c4"/>
      </object_component>
      <object_component id="oc-9a">
         <name>.text</name>
         <load_address>0x2f44</load_address>
         <run_address>0x2f44</run_address>
         <size>0x3c</size>
         <input_file_ref idref="fl-5"/>
      </object_component>
      <object_component id="oc-3f0">
         <name>.text:__TI_writemsg</name>
         <load_address>0x2f80</load_address>
         <run_address>0x2f80</run_address>
         <size>0x38</size>
         <input_file_ref idref="fl-f8"/>
      </object_component>
      <object_component id="oc-439">
         <name>.text:strncpy</name>
         <load_address>0x2fb8</load_address>
         <run_address>0x2fb8</run_address>
         <size>0x36</size>
         <input_file_ref idref="fl-ff"/>
      </object_component>
      <object_component id="oc-350">
         <name>.text:__TI_cleanup</name>
         <load_address>0x2ff0</load_address>
         <run_address>0x2ff0</run_address>
         <size>0x34</size>
         <input_file_ref idref="fl-ea"/>
      </object_component>
      <object_component id="oc-3f6">
         <name>.text:__TI_readmsg</name>
         <load_address>0x3024</load_address>
         <run_address>0x3024</run_address>
         <size>0x34</size>
         <input_file_ref idref="fl-f8"/>
      </object_component>
      <object_component id="oc-58">
         <name>.text:_c_int00_noargs:_c_int00_noargs</name>
         <load_address>0x3058</load_address>
         <run_address>0x3058</run_address>
         <size>0x34</size>
         <input_file_ref idref="fl-e4"/>
      </object_component>
      <object_component id="oc-43f">
         <name>.text:finddevice</name>
         <load_address>0x308c</load_address>
         <run_address>0x308c</run_address>
         <size>0x30</size>
         <input_file_ref idref="fl-fc"/>
      </object_component>
      <object_component id="oc-278">
         <name>.text</name>
         <load_address>0x30bc</load_address>
         <run_address>0x30bc</run_address>
         <size>0x2e</size>
         <input_file_ref idref="fl-ce"/>
      </object_component>
      <object_component id="oc-3e7">
         <name>.text:unlink</name>
         <load_address>0x30ec</load_address>
         <run_address>0x30ec</run_address>
         <size>0x2c</size>
         <input_file_ref idref="fl-102"/>
      </object_component>
      <object_component id="oc-14c">
         <name>.text</name>
         <load_address>0x3118</load_address>
         <run_address>0x3118</run_address>
         <size>0x2a</size>
         <input_file_ref idref="fl-3"/>
      </object_component>
      <object_component id="oc-38e">
         <name>.text:free_list_insert</name>
         <load_address>0x3144</load_address>
         <run_address>0x3144</run_address>
         <size>0x28</size>
         <input_file_ref idref="fl-de"/>
      </object_component>
      <object_component id="oc-33c">
         <name>.text:lseek</name>
         <load_address>0x316c</load_address>
         <run_address>0x316c</run_address>
         <size>0x28</size>
         <input_file_ref idref="fl-fa"/>
      </object_component>
      <object_component id="oc-241">
         <name>.text:write</name>
         <load_address>0x3194</load_address>
         <run_address>0x3194</run_address>
         <size>0x28</size>
         <input_file_ref idref="fl-e1"/>
      </object_component>
      <object_component id="oc-235">
         <name>.text:memchr</name>
         <load_address>0x31bc</load_address>
         <run_address>0x31bc</run_address>
         <size>0x20</size>
         <input_file_ref idref="fl-dd"/>
      </object_component>
      <object_component id="oc-146">
         <name>.text:_abort_msg</name>
         <load_address>0x31dc</load_address>
         <run_address>0x31dc</run_address>
         <size>0x1c</size>
         <input_file_ref idref="fl-d8"/>
      </object_component>
      <object_component id="oc-46">
         <name>.text:decompress:ZI:__TI_zero_init_nomemset:__TI_zero_init_nomemset</name>
         <load_address>0x31f8</load_address>
         <run_address>0x31f8</run_address>
         <size>0x1c</size>
         <input_file_ref idref="fl-d2"/>
      </object_component>
      <object_component id="oc-388">
         <name>.text:free_list_remove</name>
         <load_address>0x3214</load_address>
         <run_address>0x3214</run_address>
         <size>0x1c</size>
         <input_file_ref idref="fl-de"/>
      </object_component>
      <object_component id="oc-1dd">
         <name>.text:memccpy</name>
         <load_address>0x3230</load_address>
         <run_address>0x3230</run_address>
         <size>0x1c</size>
         <input_file_ref idref="fl-dc"/>
      </object_component>
      <object_component id="oc-31e">
         <name>.text:copysign</name>
         <load_address>0x324c</load_address>
         <run_address>0x324c</run_address>
         <size>0x1a</size>
         <input_file_ref idref="fl-e7"/>
      </object_component>
      <object_component id="oc-456">
         <name>.text:strcmp</name>
         <load_address>0x3266</load_address>
         <run_address>0x3266</run_address>
         <size>0x18</size>
         <input_file_ref idref="fl-fd"/>
      </object_component>
      <object_component id="oc-2a9">
         <name>.text:strchr</name>
         <load_address>0x327e</load_address>
         <run_address>0x327e</run_address>
         <size>0x16</size>
         <input_file_ref idref="fl-df"/>
      </object_component>
      <object_component id="oc-40a">
         <name>.text:strcpy</name>
         <load_address>0x3294</load_address>
         <run_address>0x3294</run_address>
         <size>0x14</size>
         <input_file_ref idref="fl-fe"/>
      </object_component>
      <object_component id="oc-1ae">
         <name>.text:strlen</name>
         <load_address>0x32a8</load_address>
         <run_address>0x32a8</run_address>
         <size>0x14</size>
         <input_file_ref idref="fl-e0"/>
      </object_component>
      <object_component id="oc-1e3">
         <name>.text:wcslen</name>
         <load_address>0x32bc</load_address>
         <run_address>0x32bc</run_address>
         <size>0x12</size>
         <input_file_ref idref="fl-e8"/>
      </object_component>
      <object_component id="oc-1d">
         <name>.text:decompress:none:__TI_decompress_none</name>
         <load_address>0x32ce</load_address>
         <run_address>0x32ce</run_address>
         <size>0xe</size>
         <input_file_ref idref="fl-d3"/>
      </object_component>
      <object_component id="oc-6a">
         <name>.text</name>
         <load_address>0x32dc</load_address>
         <run_address>0x32dc</run_address>
         <size>0xe</size>
         <input_file_ref idref="fl-8"/>
      </object_component>
      <object_component id="oc-1e9">
         <name>.text:__aeabi_errno_addr</name>
         <load_address>0x32ec</load_address>
         <run_address>0x32ec</run_address>
         <size>0x8</size>
         <input_file_ref idref="fl-e3"/>
      </object_component>
      <object_component id="oc-34a">
         <name>.text:malloc</name>
         <load_address>0x32f4</load_address>
         <run_address>0x32f4</run_address>
         <size>0x8</size>
         <input_file_ref idref="fl-de"/>
      </object_component>
      <object_component id="oc-165">
         <name>.text:_outc</name>
         <load_address>0x32fc</load_address>
         <run_address>0x32fc</run_address>
         <size>0x4</size>
         <input_file_ref idref="fl-c3"/>
      </object_component>
      <object_component id="oc-15f">
         <name>.text:_outs</name>
         <load_address>0x3300</load_address>
         <run_address>0x3300</run_address>
         <size>0x4</size>
         <input_file_ref idref="fl-c3"/>
      </object_component>
      <object_component id="oc-94">
         <name>.text:_system_pre_init</name>
         <load_address>0x3304</load_address>
         <run_address>0x3304</run_address>
         <size>0x4</size>
         <input_file_ref idref="fl-ee"/>
      </object_component>
      <object_component id="oc-f4">
         <name>.text:abort:abort</name>
         <load_address>0x3308</load_address>
         <run_address>0x3308</run_address>
         <size>0x4</size>
         <input_file_ref idref="fl-d5"/>
      </object_component>
      <object_component id="oc-252">
         <name>.const:.string:_ctypes_</name>
         <load_address>0x330c</load_address>
         <run_address>0x330c</run_address>
         <size>0x101</size>
         <input_file_ref idref="fl-da"/>
      </object_component>
      <object_component id="oc-496">
         <name>.cinit..data.load</name>
         <load_address>0x3410</load_address>
         <run_address>0x3410</run_address>
         <size>0x71</size>
      </object_component>
      <object_component id="oc-494">
         <name>__TI_handler_table</name>
         <load_address>0x3484</load_address>
         <run_address>0x3484</run_address>
         <size>0xc</size>
      </object_component>
      <object_component id="oc-497">
         <name>.cinit..bss.load</name>
         <load_address>0x3490</load_address>
         <run_address>0x3490</run_address>
         <size>0x8</size>
      </object_component>
      <object_component id="oc-495">
         <name>__TI_cinit_table</name>
         <load_address>0x3498</load_address>
         <run_address>0x3498</run_address>
         <size>0x10</size>
      </object_component>
      <object_component id="oc-468">
         <name>.binit</name>
         <load_address>0x0</load_address>
         <run_address>0x0</run_address>
         <size>0x0</size>
      </object_component>
      <object_component id="oc-141">
         <name>.data</name>
         <load_address>0x200005b8</load_address>
         <run_address>0x200005b8</run_address>
         <size>0x18</size>
         <input_file_ref idref="fl-2"/>
      </object_component>
      <object_component id="oc-132">
         <name>.data</name>
         <load_address>0x20000600</load_address>
         <run_address>0x20000600</run_address>
         <size>0x4</size>
         <input_file_ref idref="fl-9"/>
      </object_component>
      <object_component id="oc-173">
         <name>.data:$O1$$</name>
         <load_address>0x200005e0</load_address>
         <run_address>0x200005e0</run_address>
         <size>0xc</size>
         <input_file_ref idref="fl-d5"/>
      </object_component>
      <object_component id="oc-159">
         <name>.data:$O1$$</name>
         <load_address>0x200005ec</load_address>
         <run_address>0x200005ec</run_address>
         <size>0x8</size>
         <input_file_ref idref="fl-d6"/>
      </object_component>
      <object_component id="oc-15c">
         <name>.data:_ftable</name>
         <load_address>0x20000400</load_address>
         <run_address>0x20000400</run_address>
         <size>0xf0</size>
         <input_file_ref idref="fl-db"/>
      </object_component>
      <object_component id="oc-249">
         <name>.data</name>
         <load_address>0x200005d0</load_address>
         <run_address>0x200005d0</run_address>
         <size>0x10</size>
         <input_file_ref idref="fl-db"/>
      </object_component>
      <object_component id="oc-3d5">
         <name>.data:$O1$$</name>
         <load_address>0x200005f4</load_address>
         <run_address>0x200005f4</run_address>
         <size>0x8</size>
         <input_file_ref idref="fl-de"/>
      </object_component>
      <object_component id="oc-361">
         <name>.data:_device</name>
         <load_address>0x200004f0</load_address>
         <run_address>0x200004f0</run_address>
         <size>0x78</size>
         <input_file_ref idref="fl-e2"/>
      </object_component>
      <object_component id="oc-2f3">
         <name>.data:_stream</name>
         <load_address>0x20000568</load_address>
         <run_address>0x20000568</run_address>
         <size>0x50</size>
         <input_file_ref idref="fl-e2"/>
      </object_component>
      <object_component id="oc-2b9">
         <name>.data</name>
         <load_address>0x200005fc</load_address>
         <run_address>0x200005fc</run_address>
         <size>0x4</size>
         <input_file_ref idref="fl-e3"/>
      </object_component>
      <object_component id="oc-421">
         <name>.bss:_CIOBUF_</name>
         <uninitialized>true</uninitialized>
         <run_address>0x20000604</run_address>
         <size>0x120</size>
         <input_file_ref idref="fl-f8"/>
      </object_component>
      <object_component id="oc-3ed">
         <name>.common:__TI_tmpnams</name>
         <uninitialized>true</uninitialized>
         <run_address>0x20000724</run_address>
         <size>0xa0</size>
      </object_component>
      <object_component id="oc-3fc">
         <name>.common:parmbuf</name>
         <uninitialized>true</uninitialized>
         <run_address>0x200007c4</run_address>
         <size>0x8</size>
      </object_component>
      <object_component id="oc-29">
         <name>.sysmem</name>
         <uninitialized>true</uninitialized>
         <run_address>0x20000000</run_address>
         <size>0x10</size>
         <input_file_ref idref="fl-de"/>
      </object_component>
      <object_component id="oc-49a">
         <name>.sysmem</name>
         <uninitialized>true</uninitialized>
         <run_address>0x20000000</run_address>
         <size>0x0</size>
      </object_component>
      <object_component id="oc-2c">
         <name>.stack</name>
         <uninitialized>true</uninitialized>
         <run_address>0x2000fe00</run_address>
         <size>0x4</size>
         <input_file_ref idref="fl-e4"/>
      </object_component>
      <object_component id="oc-499">
         <name>.stack</name>
         <uninitialized>true</uninitialized>
         <run_address>0x2000fe00</run_address>
         <size>0x0</size>
      </object_component>
      <object_component id="oc-140">
         <name>.debug_info</name>
         <load_address>0x0</load_address>
         <run_address>0x0</run_address>
         <size>0x528</size>
         <input_file_ref idref="fl-2"/>
      </object_component>
      <object_component id="oc-142">
         <name>.debug_info</name>
         <load_address>0x528</load_address>
         <run_address>0x528</run_address>
         <size>0x184</size>
         <input_file_ref idref="fl-2"/>
      </object_component>
      <object_component id="oc-d7">
         <name>.debug_info</name>
         <load_address>0x6ac</load_address>
         <run_address>0x6ac</run_address>
         <size>0x2a8</size>
         <input_file_ref idref="fl-2"/>
      </object_component>
      <object_component id="oc-193">
         <name>.debug_info</name>
         <load_address>0x954</load_address>
         <run_address>0x954</run_address>
         <size>0x37e2</size>
         <input_file_ref idref="fl-2"/>
      </object_component>
      <object_component id="oc-b5">
         <name>.debug_info</name>
         <load_address>0x4136</load_address>
         <run_address>0x4136</run_address>
         <size>0x26b</size>
         <input_file_ref idref="fl-2"/>
      </object_component>
      <object_component id="oc-198">
         <name>.debug_info</name>
         <load_address>0x43a1</load_address>
         <run_address>0x43a1</run_address>
         <size>0x1055</size>
         <input_file_ref idref="fl-2"/>
      </object_component>
      <object_component id="oc-35">
         <name>.debug_info</name>
         <load_address>0x53f6</load_address>
         <run_address>0x53f6</run_address>
         <size>0x84</size>
         <input_file_ref idref="fl-2"/>
      </object_component>
      <object_component id="oc-13b">
         <name>.debug_info</name>
         <load_address>0x547a</load_address>
         <run_address>0x547a</run_address>
         <size>0x2a4</size>
         <input_file_ref idref="fl-2"/>
      </object_component>
      <object_component id="oc-136">
         <name>.debug_info</name>
         <load_address>0x571e</load_address>
         <run_address>0x571e</run_address>
         <size>0xbb</size>
         <input_file_ref idref="fl-2"/>
      </object_component>
      <object_component id="oc-14f">
         <name>.debug_info</name>
         <load_address>0x57d9</load_address>
         <run_address>0x57d9</run_address>
         <size>0x143</size>
         <input_file_ref idref="fl-3"/>
      </object_component>
      <object_component id="oc-df">
         <name>.debug_info</name>
         <load_address>0x591c</load_address>
         <run_address>0x591c</run_address>
         <size>0x1ae</size>
         <input_file_ref idref="fl-4"/>
      </object_component>
      <object_component id="oc-16d">
         <name>.debug_info</name>
         <load_address>0x5aca</load_address>
         <run_address>0x5aca</run_address>
         <size>0x2c</size>
         <input_file_ref idref="fl-4"/>
      </object_component>
      <object_component id="oc-9c">
         <name>.debug_info</name>
         <load_address>0x5af6</load_address>
         <run_address>0x5af6</run_address>
         <size>0x182</size>
         <input_file_ref idref="fl-5"/>
      </object_component>
      <object_component id="oc-ef">
         <name>.debug_info</name>
         <load_address>0x5c78</load_address>
         <run_address>0x5c78</run_address>
         <size>0x8b</size>
         <input_file_ref idref="fl-5"/>
      </object_component>
      <object_component id="oc-e3">
         <name>.debug_info</name>
         <load_address>0x5d03</load_address>
         <run_address>0x5d03</run_address>
         <size>0x447</size>
         <input_file_ref idref="fl-7"/>
      </object_component>
      <object_component id="oc-72">
         <name>.debug_info</name>
         <load_address>0x614a</load_address>
         <run_address>0x614a</run_address>
         <size>0x2c7</size>
         <input_file_ref idref="fl-8"/>
      </object_component>
      <object_component id="oc-27">
         <name>.debug_info</name>
         <load_address>0x6411</load_address>
         <run_address>0x6411</run_address>
         <size>0xf3</size>
         <input_file_ref idref="fl-8"/>
      </object_component>
      <object_component id="oc-6c">
         <name>.debug_info</name>
         <load_address>0x6504</load_address>
         <run_address>0x6504</run_address>
         <size>0x1ba</size>
         <input_file_ref idref="fl-8"/>
      </object_component>
      <object_component id="oc-133">
         <name>.debug_info</name>
         <load_address>0x66be</load_address>
         <run_address>0x66be</run_address>
         <size>0xec</size>
         <input_file_ref idref="fl-9"/>
      </object_component>
      <object_component id="oc-ad">
         <name>.debug_info</name>
         <load_address>0x67aa</load_address>
         <run_address>0x67aa</run_address>
         <size>0x25e</size>
         <input_file_ref idref="fl-9"/>
      </object_component>
      <object_component id="oc-16c">
         <name>.debug_info</name>
         <load_address>0x6a08</load_address>
         <run_address>0x6a08</run_address>
         <size>0x3e5</size>
         <input_file_ref idref="fl-c3"/>
      </object_component>
      <object_component id="oc-168">
         <name>.debug_info</name>
         <load_address>0x6ded</load_address>
         <run_address>0x6ded</run_address>
         <size>0x157</size>
         <input_file_ref idref="fl-c3"/>
      </object_component>
      <object_component id="oc-161">
         <name>.debug_info</name>
         <load_address>0x6f44</load_address>
         <run_address>0x6f44</run_address>
         <size>0x166</size>
         <input_file_ref idref="fl-c3"/>
      </object_component>
      <object_component id="oc-ec">
         <name>.debug_info</name>
         <load_address>0x70aa</load_address>
         <run_address>0x70aa</run_address>
         <size>0x1ac</size>
         <input_file_ref idref="fl-c3"/>
      </object_component>
      <object_component id="oc-213">
         <name>.debug_info</name>
         <load_address>0x7256</load_address>
         <run_address>0x7256</run_address>
         <size>0xb2</size>
         <input_file_ref idref="fl-c3"/>
      </object_component>
      <object_component id="oc-1f0">
         <name>.debug_info</name>
         <load_address>0x7308</load_address>
         <run_address>0x7308</run_address>
         <size>0x590</size>
         <input_file_ref idref="fl-c4"/>
      </object_component>
      <object_component id="oc-1be">
         <name>.debug_info</name>
         <load_address>0x7898</load_address>
         <run_address>0x7898</run_address>
         <size>0x21e</size>
         <input_file_ref idref="fl-c4"/>
      </object_component>
      <object_component id="oc-286">
         <name>.debug_info</name>
         <load_address>0x7ab6</load_address>
         <run_address>0x7ab6</run_address>
         <size>0x1b3</size>
         <input_file_ref idref="fl-c4"/>
      </object_component>
      <object_component id="oc-28c">
         <name>.debug_info</name>
         <load_address>0x7c69</load_address>
         <run_address>0x7c69</run_address>
         <size>0x21b</size>
         <input_file_ref idref="fl-c4"/>
      </object_component>
      <object_component id="oc-1c9">
         <name>.debug_info</name>
         <load_address>0x7e84</load_address>
         <run_address>0x7e84</run_address>
         <size>0x3c0</size>
         <input_file_ref idref="fl-c4"/>
      </object_component>
      <object_component id="oc-293">
         <name>.debug_info</name>
         <load_address>0x8244</load_address>
         <run_address>0x8244</run_address>
         <size>0x30a</size>
         <input_file_ref idref="fl-c4"/>
      </object_component>
      <object_component id="oc-299">
         <name>.debug_info</name>
         <load_address>0x854e</load_address>
         <run_address>0x854e</run_address>
         <size>0x215</size>
         <input_file_ref idref="fl-c4"/>
      </object_component>
      <object_component id="oc-1cf">
         <name>.debug_info</name>
         <load_address>0x8763</load_address>
         <run_address>0x8763</run_address>
         <size>0x215</size>
         <input_file_ref idref="fl-c4"/>
      </object_component>
      <object_component id="oc-1d5">
         <name>.debug_info</name>
         <load_address>0x8978</load_address>
         <run_address>0x8978</run_address>
         <size>0x304</size>
         <input_file_ref idref="fl-c4"/>
      </object_component>
      <object_component id="oc-1db">
         <name>.debug_info</name>
         <load_address>0x8c7c</load_address>
         <run_address>0x8c7c</run_address>
         <size>0x4b5</size>
         <input_file_ref idref="fl-c4"/>
      </object_component>
      <object_component id="oc-157">
         <name>.debug_info</name>
         <load_address>0x9131</load_address>
         <run_address>0x9131</run_address>
         <size>0x5f4</size>
         <input_file_ref idref="fl-c4"/>
      </object_component>
      <object_component id="oc-1f1">
         <name>.debug_info</name>
         <load_address>0x9725</load_address>
         <run_address>0x9725</run_address>
         <size>0x86</size>
         <input_file_ref idref="fl-c4"/>
      </object_component>
      <object_component id="oc-2c5">
         <name>.debug_info</name>
         <load_address>0x97ab</load_address>
         <run_address>0x97ab</run_address>
         <size>0x39</size>
         <input_file_ref idref="fl-c4"/>
      </object_component>
      <object_component id="oc-335">
         <name>.debug_info</name>
         <load_address>0x97e4</load_address>
         <run_address>0x97e4</run_address>
         <size>0xb6</size>
         <input_file_ref idref="fl-c4"/>
      </object_component>
      <object_component id="oc-2ca">
         <name>.debug_info</name>
         <load_address>0x989a</load_address>
         <run_address>0x989a</run_address>
         <size>0x46</size>
         <input_file_ref idref="fl-c4"/>
      </object_component>
      <object_component id="oc-1f6">
         <name>.debug_info</name>
         <load_address>0x98e0</load_address>
         <run_address>0x98e0</run_address>
         <size>0x46</size>
         <input_file_ref idref="fl-c4"/>
      </object_component>
      <object_component id="oc-2c0">
         <name>.debug_info</name>
         <load_address>0x9926</load_address>
         <run_address>0x9926</run_address>
         <size>0x2c</size>
         <input_file_ref idref="fl-c4"/>
      </object_component>
      <object_component id="oc-2d5">
         <name>.debug_info</name>
         <load_address>0x9952</load_address>
         <run_address>0x9952</run_address>
         <size>0x383</size>
         <input_file_ref idref="fl-c5"/>
      </object_component>
      <object_component id="oc-20d">
         <name>.debug_info</name>
         <load_address>0x9cd5</load_address>
         <run_address>0x9cd5</run_address>
         <size>0x1ea</size>
         <input_file_ref idref="fl-c5"/>
      </object_component>
      <object_component id="oc-248">
         <name>.debug_info</name>
         <load_address>0x9ebf</load_address>
         <run_address>0x9ebf</run_address>
         <size>0x3fc</size>
         <input_file_ref idref="fl-c6"/>
      </object_component>
      <object_component id="oc-1a0">
         <name>.debug_info</name>
         <load_address>0xa2bb</load_address>
         <run_address>0xa2bb</run_address>
         <size>0x2e2</size>
         <input_file_ref idref="fl-c6"/>
      </object_component>
      <object_component id="oc-cd">
         <name>.debug_info</name>
         <load_address>0xa59d</load_address>
         <run_address>0xa59d</run_address>
         <size>0x2c</size>
         <input_file_ref idref="fl-c6"/>
      </object_component>
      <object_component id="oc-2ef">
         <name>.debug_info</name>
         <load_address>0xa5c9</load_address>
         <run_address>0xa5c9</run_address>
         <size>0x300</size>
         <input_file_ref idref="fl-c7"/>
      </object_component>
      <object_component id="oc-232">
         <name>.debug_info</name>
         <load_address>0xa8c9</load_address>
         <run_address>0xa8c9</run_address>
         <size>0x19c</size>
         <input_file_ref idref="fl-c7"/>
      </object_component>
      <object_component id="oc-358">
         <name>.debug_info</name>
         <load_address>0xaa65</load_address>
         <run_address>0xaa65</run_address>
         <size>0xbf</size>
         <input_file_ref idref="fl-c7"/>
      </object_component>
      <object_component id="oc-357">
         <name>.debug_info</name>
         <load_address>0xab24</load_address>
         <run_address>0xab24</run_address>
         <size>0x374</size>
         <input_file_ref idref="fl-c8"/>
      </object_component>
      <object_component id="oc-2ec">
         <name>.debug_info</name>
         <load_address>0xae98</load_address>
         <run_address>0xae98</run_address>
         <size>0x20b</size>
         <input_file_ref idref="fl-c8"/>
      </object_component>
      <object_component id="oc-27f">
         <name>.debug_info</name>
         <load_address>0xb0a3</load_address>
         <run_address>0xb0a3</run_address>
         <size>0x14c</size>
         <input_file_ref idref="fl-c9"/>
      </object_component>
      <object_component id="oc-1c3">
         <name>.debug_info</name>
         <load_address>0xb1ef</load_address>
         <run_address>0xb1ef</run_address>
         <size>0x128</size>
         <input_file_ref idref="fl-ca"/>
      </object_component>
      <object_component id="oc-26b">
         <name>.debug_info</name>
         <load_address>0xb317</load_address>
         <run_address>0xb317</run_address>
         <size>0x12a</size>
         <input_file_ref idref="fl-ca"/>
      </object_component>
      <object_component id="oc-265">
         <name>.debug_info</name>
         <load_address>0xb441</load_address>
         <run_address>0xb441</run_address>
         <size>0x13a</size>
         <input_file_ref idref="fl-cb"/>
      </object_component>
      <object_component id="oc-25f">
         <name>.debug_info</name>
         <load_address>0xb57b</load_address>
         <run_address>0xb57b</run_address>
         <size>0x13a</size>
         <input_file_ref idref="fl-cc"/>
      </object_component>
      <object_component id="oc-26e">
         <name>.debug_info</name>
         <load_address>0xb6b5</load_address>
         <run_address>0xb6b5</run_address>
         <size>0x12e</size>
         <input_file_ref idref="fl-cd"/>
      </object_component>
      <object_component id="oc-279">
         <name>.debug_info</name>
         <load_address>0xb7e3</load_address>
         <run_address>0xb7e3</run_address>
         <size>0x12c</size>
         <input_file_ref idref="fl-ce"/>
      </object_component>
      <object_component id="oc-3c">
         <name>.debug_info</name>
         <load_address>0xb90f</load_address>
         <run_address>0xb90f</run_address>
         <size>0x119</size>
         <input_file_ref idref="fl-cf"/>
      </object_component>
      <object_component id="oc-91">
         <name>.debug_info</name>
         <load_address>0xba28</load_address>
         <run_address>0xba28</run_address>
         <size>0x147</size>
         <input_file_ref idref="fl-d0"/>
      </object_component>
      <object_component id="oc-258">
         <name>.debug_info</name>
         <load_address>0xbb6f</load_address>
         <run_address>0xbb6f</run_address>
         <size>0x134</size>
         <input_file_ref idref="fl-d1"/>
      </object_component>
      <object_component id="oc-8d">
         <name>.debug_info</name>
         <load_address>0xbca3</load_address>
         <run_address>0xbca3</run_address>
         <size>0x2d4</size>
         <input_file_ref idref="fl-d2"/>
      </object_component>
      <object_component id="oc-4a">
         <name>.debug_info</name>
         <load_address>0xbf77</load_address>
         <run_address>0xbf77</run_address>
         <size>0x1d2</size>
         <input_file_ref idref="fl-d2"/>
      </object_component>
      <object_component id="oc-88">
         <name>.debug_info</name>
         <load_address>0xc149</load_address>
         <run_address>0xc149</run_address>
         <size>0x46</size>
         <input_file_ref idref="fl-d2"/>
      </object_component>
      <object_component id="oc-45">
         <name>.debug_info</name>
         <load_address>0xc18f</load_address>
         <run_address>0xc18f</run_address>
         <size>0x2a8</size>
         <input_file_ref idref="fl-d3"/>
      </object_component>
      <object_component id="oc-1e">
         <name>.debug_info</name>
         <load_address>0xc437</load_address>
         <run_address>0xc437</run_address>
         <size>0x1ea</size>
         <input_file_ref idref="fl-d3"/>
      </object_component>
      <object_component id="oc-40">
         <name>.debug_info</name>
         <load_address>0xc621</load_address>
         <run_address>0xc621</run_address>
         <size>0x46</size>
         <input_file_ref idref="fl-d3"/>
      </object_component>
      <object_component id="oc-80">
         <name>.debug_info</name>
         <load_address>0xc667</load_address>
         <run_address>0xc667</run_address>
         <size>0x2c</size>
         <input_file_ref idref="fl-d3"/>
      </object_component>
      <object_component id="oc-7e">
         <name>.debug_info</name>
         <load_address>0xc693</load_address>
         <run_address>0xc693</run_address>
         <size>0x29e</size>
         <input_file_ref idref="fl-d4"/>
      </object_component>
      <object_component id="oc-1a">
         <name>.debug_info</name>
         <load_address>0xc931</load_address>
         <run_address>0xc931</run_address>
         <size>0x250</size>
         <input_file_ref idref="fl-d4"/>
      </object_component>
      <object_component id="oc-30">
         <name>.debug_info</name>
         <load_address>0xcb81</load_address>
         <run_address>0xcb81</run_address>
         <size>0x60</size>
         <input_file_ref idref="fl-d4"/>
      </object_component>
      <object_component id="oc-c6">
         <name>.debug_info</name>
         <load_address>0xcbe1</load_address>
         <run_address>0xcbe1</run_address>
         <size>0x46</size>
         <input_file_ref idref="fl-d4"/>
      </object_component>
      <object_component id="oc-79">
         <name>.debug_info</name>
         <load_address>0xcc27</load_address>
         <run_address>0xcc27</run_address>
         <size>0x39</size>
         <input_file_ref idref="fl-d4"/>
      </object_component>
      <object_component id="oc-177">
         <name>.debug_info</name>
         <load_address>0xcc60</load_address>
         <run_address>0xcc60</run_address>
         <size>0x3ad</size>
         <input_file_ref idref="fl-d5"/>
      </object_component>
      <object_component id="oc-174">
         <name>.debug_info</name>
         <load_address>0xd00d</load_address>
         <run_address>0xd00d</run_address>
         <size>0x190</size>
         <input_file_ref idref="fl-d5"/>
      </object_component>
      <object_component id="oc-f6">
         <name>.debug_info</name>
         <load_address>0xd19d</load_address>
         <run_address>0xd19d</run_address>
         <size>0x122</size>
         <input_file_ref idref="fl-d5"/>
      </object_component>
      <object_component id="oc-fc">
         <name>.debug_info</name>
         <load_address>0xd2bf</load_address>
         <run_address>0xd2bf</run_address>
         <size>0x184</size>
         <input_file_ref idref="fl-d5"/>
      </object_component>
      <object_component id="oc-203">
         <name>.debug_info</name>
         <load_address>0xd443</load_address>
         <run_address>0xd443</run_address>
         <size>0x2c9</size>
         <input_file_ref idref="fl-d6"/>
      </object_component>
      <object_component id="oc-15a">
         <name>.debug_info</name>
         <load_address>0xd70c</load_address>
         <run_address>0xd70c</run_address>
         <size>0x11e</size>
         <input_file_ref idref="fl-d6"/>
      </object_component>
      <object_component id="oc-1fd">
         <name>.debug_info</name>
         <load_address>0xd82a</load_address>
         <run_address>0xd82a</run_address>
         <size>0x12e</size>
         <input_file_ref idref="fl-d6"/>
      </object_component>
      <object_component id="oc-310">
         <name>.debug_info</name>
         <load_address>0xd958</load_address>
         <run_address>0xd958</run_address>
         <size>0x29c</size>
         <input_file_ref idref="fl-d7"/>
      </object_component>
      <object_component id="oc-273">
         <name>.debug_info</name>
         <load_address>0xdbf4</load_address>
         <run_address>0xdbf4</run_address>
         <size>0x1da</size>
         <input_file_ref idref="fl-d7"/>
      </object_component>
      <object_component id="oc-1ac">
         <name>.debug_info</name>
         <load_address>0xddce</load_address>
         <run_address>0xddce</run_address>
         <size>0x322</size>
         <input_file_ref idref="fl-d8"/>
      </object_component>
      <object_component id="oc-147">
         <name>.debug_info</name>
         <load_address>0xe0f0</load_address>
         <run_address>0xe0f0</run_address>
         <size>0x177</size>
         <input_file_ref idref="fl-d8"/>
      </object_component>
      <object_component id="oc-256">
         <name>.debug_info</name>
         <load_address>0xe267</load_address>
         <run_address>0xe267</run_address>
         <size>0x2b9</size>
         <input_file_ref idref="fl-d9"/>
      </object_component>
      <object_component id="oc-1b6">
         <name>.debug_info</name>
         <load_address>0xe520</load_address>
         <run_address>0xe520</run_address>
         <size>0x17c</size>
         <input_file_ref idref="fl-d9"/>
      </object_component>
      <object_component id="oc-302">
         <name>.debug_info</name>
         <load_address>0xe69c</load_address>
         <run_address>0xe69c</run_address>
         <size>0xf9</size>
         <input_file_ref idref="fl-da"/>
      </object_component>
      <object_component id="oc-253">
         <name>.debug_info</name>
         <load_address>0xe795</load_address>
         <run_address>0xe795</run_address>
         <size>0x105</size>
         <input_file_ref idref="fl-da"/>
      </object_component>
      <object_component id="oc-207">
         <name>.debug_info</name>
         <load_address>0xe89a</load_address>
         <run_address>0xe89a</run_address>
         <size>0x144</size>
         <input_file_ref idref="fl-db"/>
      </object_component>
      <object_component id="oc-15d">
         <name>.debug_info</name>
         <load_address>0xe9de</load_address>
         <run_address>0xe9de</run_address>
         <size>0x102</size>
         <input_file_ref idref="fl-db"/>
      </object_component>
      <object_component id="oc-24a">
         <name>.debug_info</name>
         <load_address>0xeae0</load_address>
         <run_address>0xeae0</run_address>
         <size>0x18f</size>
         <input_file_ref idref="fl-db"/>
      </object_component>
      <object_component id="oc-2b1">
         <name>.debug_info</name>
         <load_address>0xec6f</load_address>
         <run_address>0xec6f</run_address>
         <size>0x2a7</size>
         <input_file_ref idref="fl-dc"/>
      </object_component>
      <object_component id="oc-1de">
         <name>.debug_info</name>
         <load_address>0xef16</load_address>
         <run_address>0xef16</run_address>
         <size>0x1b8</size>
         <input_file_ref idref="fl-dc"/>
      </object_component>
      <object_component id="oc-2f1">
         <name>.debug_info</name>
         <load_address>0xf0ce</load_address>
         <run_address>0xf0ce</run_address>
         <size>0x2a5</size>
         <input_file_ref idref="fl-dd"/>
      </object_component>
      <object_component id="oc-237">
         <name>.debug_info</name>
         <load_address>0xf373</load_address>
         <run_address>0xf373</run_address>
         <size>0x25d</size>
         <input_file_ref idref="fl-dd"/>
      </object_component>
      <object_component id="oc-75">
         <name>.debug_info</name>
         <load_address>0xf5d0</load_address>
         <run_address>0xf5d0</run_address>
         <size>0x3b2</size>
         <input_file_ref idref="fl-de"/>
      </object_component>
      <object_component id="oc-2a">
         <name>.debug_info</name>
         <load_address>0xf982</load_address>
         <run_address>0xf982</run_address>
         <size>0x10c</size>
         <input_file_ref idref="fl-de"/>
      </object_component>
      <object_component id="oc-3d6">
         <name>.debug_info</name>
         <load_address>0xfa8e</load_address>
         <run_address>0xfa8e</run_address>
         <size>0x13f</size>
         <input_file_ref idref="fl-de"/>
      </object_component>
      <object_component id="oc-34b">
         <name>.debug_info</name>
         <load_address>0xfbcd</load_address>
         <run_address>0xfbcd</run_address>
         <size>0x168</size>
         <input_file_ref idref="fl-de"/>
      </object_component>
      <object_component id="oc-38a">
         <name>.debug_info</name>
         <load_address>0xfd35</load_address>
         <run_address>0xfd35</run_address>
         <size>0x18e</size>
         <input_file_ref idref="fl-de"/>
      </object_component>
      <object_component id="oc-38f">
         <name>.debug_info</name>
         <load_address>0xfec3</load_address>
         <run_address>0xfec3</run_address>
         <size>0x19f</size>
         <input_file_ref idref="fl-de"/>
      </object_component>
      <object_component id="oc-345">
         <name>.debug_info</name>
         <load_address>0x10062</load_address>
         <run_address>0x10062</run_address>
         <size>0x203</size>
         <input_file_ref idref="fl-de"/>
      </object_component>
      <object_component id="oc-3db">
         <name>.debug_info</name>
         <load_address>0x10265</load_address>
         <run_address>0x10265</run_address>
         <size>0x1db</size>
         <input_file_ref idref="fl-de"/>
      </object_component>
      <object_component id="oc-397">
         <name>.debug_info</name>
         <load_address>0x10440</load_address>
         <run_address>0x10440</run_address>
         <size>0x299</size>
         <input_file_ref idref="fl-de"/>
      </object_component>
      <object_component id="oc-c1">
         <name>.debug_info</name>
         <load_address>0x106d9</load_address>
         <run_address>0x106d9</run_address>
         <size>0xb2</size>
         <input_file_ref idref="fl-de"/>
      </object_component>
      <object_component id="oc-bc">
         <name>.debug_info</name>
         <load_address>0x1078b</load_address>
         <run_address>0x1078b</run_address>
         <size>0x2c</size>
         <input_file_ref idref="fl-de"/>
      </object_component>
      <object_component id="oc-327">
         <name>.debug_info</name>
         <load_address>0x107b7</load_address>
         <run_address>0x107b7</run_address>
         <size>0x29a</size>
         <input_file_ref idref="fl-df"/>
      </object_component>
      <object_component id="oc-2aa">
         <name>.debug_info</name>
         <load_address>0x10a51</load_address>
         <run_address>0x10a51</run_address>
         <size>0x262</size>
         <input_file_ref idref="fl-df"/>
      </object_component>
      <object_component id="oc-251">
         <name>.debug_info</name>
         <load_address>0x10cb3</load_address>
         <run_address>0x10cb3</run_address>
         <size>0x28f</size>
         <input_file_ref idref="fl-e0"/>
      </object_component>
      <object_component id="oc-1b2">
         <name>.debug_info</name>
         <load_address>0x10f42</load_address>
         <run_address>0x10f42</run_address>
         <size>0x245</size>
         <input_file_ref idref="fl-e0"/>
      </object_component>
      <object_component id="oc-2f7">
         <name>.debug_info</name>
         <load_address>0x11187</load_address>
         <run_address>0x11187</run_address>
         <size>0x397</size>
         <input_file_ref idref="fl-e1"/>
      </object_component>
      <object_component id="oc-242">
         <name>.debug_info</name>
         <load_address>0x1151e</load_address>
         <run_address>0x1151e</run_address>
         <size>0x18f</size>
         <input_file_ref idref="fl-e1"/>
      </object_component>
      <object_component id="oc-369">
         <name>.debug_info</name>
         <load_address>0x116ad</load_address>
         <run_address>0x116ad</run_address>
         <size>0x120</size>
         <input_file_ref idref="fl-e1"/>
      </object_component>
      <object_component id="oc-36e">
         <name>.debug_info</name>
         <load_address>0x117cd</load_address>
         <run_address>0x117cd</run_address>
         <size>0x2c</size>
         <input_file_ref idref="fl-e1"/>
      </object_component>
      <object_component id="oc-366">
         <name>.debug_info</name>
         <load_address>0x117f9</load_address>
         <run_address>0x117f9</run_address>
         <size>0x337</size>
         <input_file_ref idref="fl-e2"/>
      </object_component>
      <object_component id="oc-362">
         <name>.debug_info</name>
         <load_address>0x11b30</load_address>
         <run_address>0x11b30</run_address>
         <size>0x109</size>
         <input_file_ref idref="fl-e2"/>
      </object_component>
      <object_component id="oc-2f4">
         <name>.debug_info</name>
         <load_address>0x11c39</load_address>
         <run_address>0x11c39</run_address>
         <size>0x109</size>
         <input_file_ref idref="fl-e2"/>
      </object_component>
      <object_component id="oc-2bd">
         <name>.debug_info</name>
         <load_address>0x11d42</load_address>
         <run_address>0x11d42</run_address>
         <size>0x289</size>
         <input_file_ref idref="fl-e3"/>
      </object_component>
      <object_component id="oc-2ba">
         <name>.debug_info</name>
         <load_address>0x11fcb</load_address>
         <run_address>0x11fcb</run_address>
         <size>0x10e</size>
         <input_file_ref idref="fl-e3"/>
      </object_component>
      <object_component id="oc-1eb">
         <name>.debug_info</name>
         <load_address>0x120d9</load_address>
         <run_address>0x120d9</run_address>
         <size>0x14e</size>
         <input_file_ref idref="fl-e3"/>
      </object_component>
      <object_component id="oc-2d">
         <name>.debug_info</name>
         <load_address>0x12227</load_address>
         <run_address>0x12227</run_address>
         <size>0x10b</size>
         <input_file_ref idref="fl-e4"/>
      </object_component>
      <object_component id="oc-5c">
         <name>.debug_info</name>
         <load_address>0x12332</load_address>
         <run_address>0x12332</run_address>
         <size>0x1a9</size>
         <input_file_ref idref="fl-e4"/>
      </object_component>
      <object_component id="oc-318">
         <name>.debug_info</name>
         <load_address>0x124db</load_address>
         <run_address>0x124db</run_address>
         <size>0x295</size>
         <input_file_ref idref="fl-e5"/>
      </object_component>
      <object_component id="oc-29e">
         <name>.debug_info</name>
         <load_address>0x12770</load_address>
         <run_address>0x12770</run_address>
         <size>0x195</size>
         <input_file_ref idref="fl-e5"/>
      </object_component>
      <object_component id="oc-37a">
         <name>.debug_info</name>
         <load_address>0x12905</load_address>
         <run_address>0x12905</run_address>
         <size>0x39</size>
         <input_file_ref idref="fl-e5"/>
      </object_component>
      <object_component id="oc-319">
         <name>.debug_info</name>
         <load_address>0x1293e</load_address>
         <run_address>0x1293e</run_address>
         <size>0x2c</size>
         <input_file_ref idref="fl-e5"/>
      </object_component>
      <object_component id="oc-325">
         <name>.debug_info</name>
         <load_address>0x1296a</load_address>
         <run_address>0x1296a</run_address>
         <size>0x2f8</size>
         <input_file_ref idref="fl-e6"/>
      </object_component>
      <object_component id="oc-2a4">
         <name>.debug_info</name>
         <load_address>0x12c62</load_address>
         <run_address>0x12c62</run_address>
         <size>0x225</size>
         <input_file_ref idref="fl-e6"/>
      </object_component>
      <object_component id="oc-31f">
         <name>.debug_info</name>
         <load_address>0x12e87</load_address>
         <run_address>0x12e87</run_address>
         <size>0x161</size>
         <input_file_ref idref="fl-e7"/>
      </object_component>
      <object_component id="oc-2b8">
         <name>.debug_info</name>
         <load_address>0x12fe8</load_address>
         <run_address>0x12fe8</run_address>
         <size>0x28f</size>
         <input_file_ref idref="fl-e8"/>
      </object_component>
      <object_component id="oc-1e4">
         <name>.debug_info</name>
         <load_address>0x13277</load_address>
         <run_address>0x13277</run_address>
         <size>0x15a</size>
         <input_file_ref idref="fl-e8"/>
      </object_component>
      <object_component id="oc-32a">
         <name>.debug_info</name>
         <load_address>0x133d1</load_address>
         <run_address>0x133d1</run_address>
         <size>0x46</size>
         <input_file_ref idref="fl-e8"/>
      </object_component>
      <object_component id="oc-2b3">
         <name>.debug_info</name>
         <load_address>0x13417</load_address>
         <run_address>0x13417</run_address>
         <size>0x39</size>
         <input_file_ref idref="fl-e8"/>
      </object_component>
      <object_component id="oc-24d">
         <name>.debug_info</name>
         <load_address>0x13450</load_address>
         <run_address>0x13450</run_address>
         <size>0x347</size>
         <input_file_ref idref="fl-e9"/>
      </object_component>
      <object_component id="oc-23c">
[...]
      </symbol>
      <symbol id="sm-3ce">
         <name>__aeabi_i2d</name>
         <value>0x30bd</value>
         <object_component_ref idref="oc-278"/>
      </symbol>
      <symbol id="sm-3e9">
         <name>memcpy</name>
         <value>0x2227</value>
         <object_component_ref idref="oc-3a"/>
      </symbol>
      <symbol id="sm-3ea">
         <name>__aeabi_memcpy</name>
         <value>0x2227</value>
         <object_component_ref idref="oc-3a"/>
      </symbol>
      <symbol id="sm-3eb">
         <name>__aeabi_memcpy8</name>
         <value>0x2227</value>
         <object_component_ref idref="oc-3a"/>
      </symbol>
      <symbol id="sm-3ec">
         <name>__aeabi_memcpy4</name>
         <value>0x2227</value>
         <object_component_ref idref="oc-3a"/>
      </symbol>
      <symbol id="sm-3fb">
         <name>__aeabi_memset</name>
         <value>0x256f</value>
         <object_component_ref idref="oc-8e"/>
      </symbol>
      <symbol id="sm-3fc">
         <name>memset</name>
         <value>0x2575</value>
         <object_component_ref idref="oc-8e"/>
      </symbol>
      <symbol id="sm-3fd">
         <name>__aeabi_memset8</name>
         <value>0x256f</value>
         <object_component_ref idref="oc-8e"/>
      </symbol>
      <symbol id="sm-3fe">
         <name>__aeabi_memset4</name>
         <value>0x256f</value>
         <object_component_ref idref="oc-8e"/>
      </symbol>
      <symbol id="sm-3ff">
         <name>__aeabi_memclr8</name>
         <value>0x256d</value>
         <object_component_ref idref="oc-8e"/>
      </symbol>
      <symbol id="sm-400">
         <name>__aeabi_memclr4</name>
         <value>0x256d</value>
         <object_component_ref idref="oc-8e"/>
      </symbol>
      <symbol id="sm-401">
         <name>__aeabi_memclr</name>
         <value>0x256d</value>
         <object_component_ref idref="oc-8e"/>
      </symbol>
      <symbol id="sm-40e">
         <name>__aeabi_uldivmod</name>
         <value>0x22c3</value>
         <object_component_ref idref="oc-257"/>
      </symbol>
      <symbol id="sm-422">
         <name>__TI_zero_init_nomemset</name>
         <value>0x31f9</value>
         <object_component_ref idref="oc-46"/>
      </symbol>
      <symbol id="sm-439">
         <name>__TI_decompress_none</name>
         <value>0x32cf</value>
         <object_component_ref idref="oc-1d"/>
      </symbol>
      <symbol id="sm-45c">
         <name>__TI_decompress_lzss</name>
         <value>0x2811</value>
         <object_component_ref idref="oc-17"/>
      </symbol>
      <symbol id="sm-482">
         <name>C$$EXIT</name>
         <value>0x3309</value>
         <object_component_ref idref="oc-f4"/>
      </symbol>
      <symbol id="sm-483">
         <name>abort</name>
         <value>0x3309</value>
         <object_component_ref idref="oc-f4"/>
      </symbol>
      <symbol id="sm-484">
         <name>__TI_dtors_ptr</name>
         <value>0x200005e4</value>
         <object_component_ref idref="oc-173"/>
      </symbol>
      <symbol id="sm-485">
         <name>__TI_cleanup_ptr</name>
         <value>0x200005e0</value>
         <object_component_ref idref="oc-173"/>
      </symbol>
      <symbol id="sm-486">
         <name>__TI_enable_exit_profile_output</name>
         <value>0x200005e8</value>
         <object_component_ref idref="oc-173"/>
      </symbol>
      <symbol id="sm-487">
         <name>exit</name>
         <value>0x2d65</value>
         <object_component_ref idref="oc-fa"/>
      </symbol>
      <symbol id="sm-49c">
         <name>_nop</name>
         <value>0xb33</value>
         <object_component_ref idref="oc-1fb"/>
      </symbol>
      <symbol id="sm-49d">
         <name>_lock</name>
         <value>0x200005ec</value>
         <object_component_ref idref="oc-159"/>
      </symbol>
      <symbol id="sm-49e">
         <name>_unlock</name>
         <value>0x200005f0</value>
         <object_component_ref idref="oc-159"/>
      </symbol>
      <symbol id="sm-4ad">
         <name>__TI_ltoa</name>
         <value>0x2c27</value>
         <object_component_ref idref="oc-272"/>
      </symbol>
      <symbol id="sm-4bc">
         <name>_abort_msg</name>
         <value>0x31dd</value>
         <object_component_ref idref="oc-146"/>
      </symbol>
      <symbol id="sm-4d2">
         <name>atoi</name>
         <value>0x2d19</value>
         <object_component_ref idref="oc-1b4"/>
      </symbol>
      <symbol id="sm-4dd">
         <name>_ctypes_</name>
         <value>0x330c</value>
         <object_component_ref idref="oc-252"/>
      </symbol>
      <symbol id="sm-4f2">
         <name>__TI_tmpnams</name>
         <value>0x20000724</value>
      </symbol>
      <symbol id="sm-4f3">
         <name>__aeabi_stdout</name>
         <value>0x200005d8</value>
         <object_component_ref idref="oc-249"/>
      </symbol>
      <symbol id="sm-4f4">
         <name>__aeabi_stderr</name>
         <value>0x200005dc</value>
         <object_component_ref idref="oc-249"/>
      </symbol>
      <symbol id="sm-4f5">
         <name>__aeabi_stdin</name>
         <value>0x200005d4</value>
         <object_component_ref idref="oc-249"/>
      </symbol>
      <symbol id="sm-4f6">
         <name>_ftable</name>
         <value>0x20000400</value>
         <object_component_ref idref="oc-15c"/>
      </symbol>
      <symbol id="sm-4f7">
         <name>__TI_ft_end</name>
         <value>0x200005d0</value>
         <object_component_ref idref="oc-249"/>
      </symbol>
      <symbol id="sm-507">
         <name>memccpy</name>
         <value>0x3231</value>
         <object_component_ref idref="oc-1dd"/>
      </symbol>
      <symbol id="sm-517">
         <name>memchr</name>
         <value>0x31bd</value>
         <object_component_ref idref="oc-235"/>
      </symbol>
      <symbol id="sm-5a0">
         <name>_sys_memory</name>
         <value>0x20000000</value>
         <object_component_ref idref="oc-29"/>
      </symbol>
      <symbol id="sm-5a1">
         <name>free</name>
         <value>0x1fb5</value>
         <object_component_ref idref="oc-344"/>
      </symbol>
      <symbol id="sm-5a2">
         <name>memalign</name>
         <value>0x1db9</value>
         <object_component_ref idref="oc-395"/>
      </symbol>
      <symbol id="sm-5a3">
         <name>malloc</name>
         <value>0x32f5</value>
         <object_component_ref idref="oc-34a"/>
      </symbol>
      <symbol id="sm-5a4">
         <name>aligned_alloc</name>
         <value>0x1db9</value>
         <object_component_ref idref="oc-395"/>
      </symbol>
      <symbol id="sm-5b4">
         <name>strchr</name>
         <value>0x327f</value>
         <object_component_ref idref="oc-2a9"/>
      </symbol>
      <symbol id="sm-5c2">
         <name>strlen</name>
         <value>0x32a9</value>
         <object_component_ref idref="oc-1ae"/>
      </symbol>
      <symbol id="sm-5dc">
         <name>write</name>
         <value>0x3195</value>
         <object_component_ref idref="oc-241"/>
      </symbol>
      <symbol id="sm-5ed">
         <name>_stream</name>
         <value>0x20000568</value>
         <object_component_ref idref="oc-2f3"/>
      </symbol>
      <symbol id="sm-5ee">
         <name>_device</name>
         <value>0x200004f0</value>
         <object_component_ref idref="oc-361"/>
      </symbol>
      <symbol id="sm-604">
         <name>__aeabi_errno_addr</name>
         <value>0x32ed</value>
         <object_component_ref idref="oc-1e9"/>
      </symbol>
      <symbol id="sm-605">
         <name>errno</name>
         <value>0x200005fc</value>
         <object_component_ref idref="oc-2b9"/>
      </symbol>
      <symbol id="sm-618">
         <name>__stack</name>
         <value>0x2000fe00</value>
         <object_component_ref idref="oc-2c"/>
      </symbol>
      <symbol id="sm-619">
         <name>_c_int00_noargs</name>
         <value>0x3059</value>
         <object_component_ref idref="oc-58"/>
      </symbol>
      <symbol id="sm-639">
         <name>frexpl</name>
         <value>0x28e1</value>
         <object_component_ref idref="oc-29d"/>
      </symbol>
      <symbol id="sm-63a">
         <name>frexp</name>
         <value>0x28e1</value>
         <object_component_ref idref="oc-29d"/>
      </symbol>
      <symbol id="sm-657">
         <name>scalbn</name>
         <value>0x1ca9</value>
         <object_component_ref idref="oc-2a3"/>
      </symbol>
      <symbol id="sm-658">
         <name>scalbnl</name>
         <value>0x1ca9</value>
         <object_component_ref idref="oc-2a3"/>
      </symbol>
      <symbol id="sm-659">
         <name>ldexpl</name>
         <value>0x1ca9</value>
         <object_component_ref idref="oc-2a3"/>
      </symbol>
      <symbol id="sm-65a">
         <name>ldexp</name>
         <value>0x1ca9</value>
         <object_component_ref idref="oc-2a3"/>
      </symbol>
      <symbol id="sm-664">
         <name>copysign</name>
         <value>0x324d</value>
         <object_component_ref idref="oc-31e"/>
      </symbol>
      <symbol id="sm-665">
         <name>copysignl</name>
         <value>0x324d</value>
         <object_component_ref idref="oc-31e"/>
      </symbol>
      <symbol id="sm-67e">
         <name>wcslen</name>
         <value>0x32bd</value>
         <object_component_ref idref="oc-1e3"/>
      </symbol>
      <symbol id="sm-69f">
         <name>__TI_doflush</name>
         <value>0x2ccd</value>
         <object_component_ref idref="oc-23b"/>
      </symbol>
      <symbol id="sm-6a0">
         <name>fflush</name>
         <value>0x24f1</value>
         <object_component_ref idref="oc-1a5"/>
      </symbol>
      <symbol id="sm-6b0">
         <name>__TI_cleanup</name>
         <value>0x2ff1</value>
         <object_component_ref idref="oc-350"/>
      </symbol>
      <symbol id="sm-6c2">
         <name>fseek</name>
         <value>0x2945</value>
         <object_component_ref idref="oc-2e2"/>
      </symbol>
      <symbol id="sm-6cc">
         <name>__aeabi_idiv0</name>
         <value>0x17fb</value>
         <object_component_ref idref="oc-305"/>
      </symbol>
      <symbol id="sm-6cd">
         <name>__aeabi_ldiv0</name>
         <value>0x17fb</value>
         <object_component_ref idref="oc-305"/>
      </symbol>
      <symbol id="sm-6f5">
         <name>__TI_auto_init_nobinit_nopinit</name>
         <value>0x2e7d</value>
         <object_component_ref idref="oc-100"/>
      </symbol>
      <symbol id="sm-6ff">
         <name>_system_pre_init</name>
         <value>0x3305</value>
         <object_component_ref idref="oc-94"/>
      </symbol>
      <symbol id="sm-712">
         <name>HOSTclose</name>
         <value>0x2df5</value>
         <object_component_ref idref="oc-3ab"/>
      </symbol>
      <symbol id="sm-723">
         <name>HOSTlseek</name>
         <value>0x27a9</value>
         <object_component_ref idref="oc-3bd"/>
      </symbol>
      <symbol id="sm-735">
         <name>parmbuf</name>
         <value>0x200007c4</value>
      </symbol>
      <symbol id="sm-736">
         <name>HOSTopen</name>
         <value>0x2a0d</value>
         <object_component_ref idref="oc-3a5"/>
      </symbol>
      <symbol id="sm-747">
         <name>HOSTread</name>
         <value>0x2ac9</value>
         <object_component_ref idref="oc-3b1"/>
      </symbol>
      <symbol id="sm-758">
         <name>HOSTrename</name>
         <value>0x273d</value>
         <object_component_ref idref="oc-3c9"/>
      </symbol>
      <symbol id="sm-769">
         <name>HOSTunlink</name>
         <value>0x2e39</value>
         <object_component_ref idref="oc-3c3"/>
      </symbol>
      <symbol id="sm-77a">
         <name>HOSTwrite</name>
         <value>0x2b21</value>
         <object_component_ref idref="oc-3b7"/>
      </symbol>
      <symbol id="sm-79e">
         <name>__TI_readmsg</name>
         <value>0x3025</value>
         <object_component_ref idref="oc-3f6"/>
      </symbol>
      <symbol id="sm-79f">
         <name>C$$IO$$</name>
         <value>0x2faf</value>
         <object_component_ref idref="oc-3f0"/>
      </symbol>
      <symbol id="sm-7a0">
         <name>__CIOBUF_</name>
         <value>0x20000604</value>
         <object_component_ref idref="oc-421"/>
      </symbol>
      <symbol id="sm-7a1">
         <name>__TI_writemsg</name>
         <value>0x2f81</value>
         <object_component_ref idref="oc-3f0"/>
      </symbol>
      <symbol id="sm-7b2">
         <name>lseek</name>
         <value>0x316d</value>
         <object_component_ref idref="oc-33c"/>
      </symbol>
      <symbol id="sm-7c7">
         <name>__TI_closefile</name>
         <value>0x25e9</value>
         <object_component_ref idref="oc-39c"/>
      </symbol>
      <symbol id="sm-7ea">
         <name>finddevice</name>
         <value>0x308d</value>
         <object_component_ref idref="oc-43f"/>
      </symbol>
      <symbol id="sm-7eb">
         <name>getdevice</name>
         <value>0x2ec1</value>
         <object_component_ref idref="oc-417"/>
      </symbol>
      <symbol id="sm-7fa">
         <name>strcmp</name>
         <value>0x3267</value>
         <object_component_ref idref="oc-456"/>
      </symbol>
      <symbol id="sm-808">
         <name>strcpy</name>
         <value>0x3295</value>
         <object_component_ref idref="oc-40a"/>
      </symbol>
      <symbol id="sm-818">
         <name>strncpy</name>
         <value>0x2fb9</value>
         <object_component_ref idref="oc-439"/>
      </symbol>
      <symbol id="sm-82d">
         <name>close</name>
         <value>0x2a6d</value>
         <object_component_ref idref="oc-3e1"/>
      </symbol>
      <symbol id="sm-83d">
         <name>unlink</name>
         <value>0x30ed</value>
         <object_component_ref idref="oc-3e7"/>
      </symbol>
      <symbol id="sm-83e">
         <name>__TI_static_base__</name>
         <value>0x0</value>
      </symbol>
      <symbol id="sm-841">
         <name>__mpu_init</name>
         <value>0x0</value>
      </symbol>
      <symbol id="sm-842">
         <name>_system_post_cinit</name>
         <value>0x0</value>
      </symbol>
      <symbol id="sm-843">
         <name>NMI_Handler</name>
         <value>0x32e9</value>
      </symbol>
      <symbol id="sm-844">
         <name>HardFault_Handler</name>
         <value>0x32e9</value>
      </symbol>
      <symbol id="sm-845">
         <name>MemManage_Handler</name>
         <value>0x32e9</value>
      </symbol>
      <symbol id="sm-846">
         <name>BusFault_Handler</name>
         <value>0x32e9</value>
      </symbol>
      <symbol id="sm-847">
         <name>UsageFault_Handler</name>
         <value>0x32e9</value>
      </symbol>
      <symbol id="sm-848">
         <name>SVC_Handler</name>
         <value>0x32e9</value>
      </symbol>
      <symbol id="sm-849">
         <name>DebugMon_Handler</name>
         <value>0x32e9</value>
      </symbol>
      <symbol id="sm-84a">
         <name>PendSV_Handler</name>
         <value>0x32e9</value>
      </symbol>
      <symbol id="sm-84b">
         <name>SysTick_Handler</name>
         <value>0x32e9</value>
      </symbol>
      <symbol id="sm-84c">
         <name>PSS_IRQHandler</name>
         <value>0x32e9</value>
      </symbol>
      <symbol id="sm-84d">
         <name>CS_IRQHandler</name>
         <value>0x32e9</value>
      </symbol>
      <symbol id="sm-84e">
         <name>PCM_IRQHandler</name>
         <value>0x32e9</value>
      </symbol>
      <symbol id="sm-84f">
         <name>WDT_A_IRQHandler</name>
         <value>0x32e9</value>
      </symbol>
      <symbol id="sm-850">
         <name>FPU_IRQHandler</name>
         <value>0x32e9</value>
      </symbol>
      <symbol id="sm-851">
         <name>FLCTL_IRQHandler</name>
         <value>0x32e9</value>
      </symbol>
      <symbol id="sm-852">
         <name>COMP_E0_IRQHandler</name>
         <value>0x32e9</value>
      </symbol>
      <symbol id="sm-853">
         <name>COMP_E1_IRQHandler</name>
         <value>0x32e9</value>
      </symbol>
      <symbol id="sm-854">
         <name>TA0_0_IRQHandler</name>
         <value>0x32e9</value>
      </symbol>
      <symbol id="sm-855">
         <name>TA0_N_IRQHandler</name>
         <value>0x32e9</value>
      </symbol>
      <symbol id="sm-856">
         <name>TA1_0_IRQHandler</name>
         <value>0x32e9</value>
      </symbol>
      <symbol id="sm-857">
         <name>TA1_N_IRQHandler</name>
         <value>0x32e9</value>
      </symbol>
      <symbol id="sm-858">
         <name>TA2_0_IRQHandler</name>
         <value>0x32e9</value>
      </symbol>
      <symbol id="sm-859">
         <name>TA2_N_IRQHandler</name>
         <value>0x32e9</value>
      </symbol>
      <symbol id="sm-85a">
         <name>TA3_0_IRQHandler</name>
         <value>0x32e9</value>
      </symbol>
      <symbol id="sm-85b">
         <name>TA3_N_IRQHandler</name>
         <value>0x32e9</value>
      </symbol>
      <symbol id="sm-85c">
         <name>EUSCIA0_IRQHandler</name>
         <value>0x32e9</value>
      </symbol>
      <symbol id="sm-85d">
         <name>EUSCIA1_IRQHandler</name>
         <value>0x32e9</value>
      </symbol>
      <symbol id="sm-85e">
         <name>EUSCIA2_IRQHandler</name>
         <value>0x32e9</value>
      </symbol>
      <symbol id="sm-85f">
         <name>EUSCIA3_IRQHandler</name>
         <value>0x32e9</value>
      </symbol>
      <symbol id="sm-860">
         <name>EUSCIB0_IRQHandler</name>
         <value>0x32e9</value>
      </symbol>
      <symbol id="sm-861">
         <name>EUSCIB1_IRQHandler</name>
         <value>0x32e9</value>
      </symbol>
      <symbol id="sm-862">
         <name>EUSCIB2_IRQHandler</name>
         <value>0x32e9</value>
      </symbol>
      <symbol id="sm-863">
         <name>EUSCIB3_IRQHandler</name>
         <value>0x32e9</value>
      </symbol>
      <symbol id="sm-864">
         <name>ADC14_IRQHandler</name>
         <value>0x32e9</value>
      </symbol>
      <symbol id="sm-865">
         <name>T32_INT1_IRQHandler</name>
         <value>0x32e9</value>
      </symbol>
      <symbol id="sm-866">
         <name>T32_INT2_IRQHandler</name>
         <value>0x32e9</value>
      </symbol>
      <symbol id="sm-867">
         <name>T32_INTC_IRQHandler</name>
         <value>0x32e9</value>
      </symbol>
      <symbol id="sm-868">
         <name>AES256_IRQHandler</name>
         <value>0x32e9</value>
      </symbol>
      <symbol id="sm-869">
         <name>RTC_C_IRQHandler</name>
         <value>0x32e9</value>
      </symbol>
      <symbol id="sm-86a">
         <name>DMA_ERR_IRQHandler</name>
         <value>0x32e9</value>
      </symbol>
      <symbol id="sm-86b">
         <name>DMA_INT3_IRQHandler</name>
         <value>0x32e9</value>
      </symbol>
      <symbol id="sm-86c">
         <name>DMA_INT2_IRQHandler</name>
         <value>0x32e9</value>
      </symbol>
      <symbol id="sm-86d">
         <name>DMA_INT1_IRQHandler</name>
         <value>0x32e9</value>
      </symbol>
      <symbol id="sm-86e">
         <name>DMA_INT0_IRQHandler</name>
         <value>0x32e9</value>
      </symbol>
      <symbol id="sm-86f">
         <name>PORT1_IRQHandler</name>
         <value>0x32e9</value>
      </symbol>
      <symbol id="sm-870">
         <name>PORT2_IRQHandler</name>
         <value>0x32e9</value>
      </symbol>
      <symbol id="sm-871">
         <name>PORT3_IRQHandler</name>
         <value>0x32e9</value>
      </symbol>
      <symbol id="sm-872">
         <name>PORT4_IRQHandler</name>
         <value>0x32e9</value>
      </symbol>
      <symbol id="sm-873">
         <name>PORT5_IRQHandler</name>
         <value>0x32e9</value>
      </symbol>
      <symbol id="sm-874">
         <name>PORT6_IRQHandler</name>
         <value>0x32e9</value>
      </symbol>
      <symbol id="sm-875">
         <name>remove</name>
         <value>0x30ed</value>
      </symbol>
   </symbol_table>
   <title>Link successful</title>
</link_info>
